Archive member included to satisfy reference by file (symbol)

D:/STM32CubeIDE_1.19.0/STM32CubeIDE/plugins/com.st.stm32cube.ide.mcu.externaltools.gnu-tools-for-stm32.13.3.rel1.win32_1.0.0.202411081344/tools/bin/../lib/gcc/arm-none-eabi/13.3.1/../../../../arm-none-eabi/lib/thumb/v7e-m+fp/hard\libc_nano.a(libc_a-exit.o)
                              D:/STM32CubeIDE_1.19.0/STM32CubeIDE/plugins/com.st.stm32cube.ide.mcu.externaltools.gnu-tools-for-stm32.13.3.rel1.win32_1.0.0.202411081344/tools/bin/../lib/gcc/arm-none-eabi/13.3.1/../../../../arm-none-eabi/lib/thumb/v7e-m+fp/hard/crt0.o (exit)
D:/STM32CubeIDE_1.19.0/STM32CubeIDE/plugins/com.st.stm32cube.ide.mcu.externaltools.gnu-tools-for-stm32.13.3.rel1.win32_1.0.0.202411081344/tools/bin/../lib/gcc/arm-none-eabi/13.3.1/../../../../arm-none-eabi/lib/thumb/v7e-m+fp/hard\libc_nano.a(libc_a-findfp.o)
                              D:/STM32CubeIDE_1.19.0/STM32CubeIDE/plugins/com.st.stm32cube.ide.mcu.externaltools.gnu-tools-for-stm32.13.3.rel1.win32_1.0.0.202411081344/tools/bin/../lib/gcc/arm-none-eabi/13.3.1/../../../../arm-none-eabi/lib/thumb/v7e-m+fp/hard\libc_nano.a(libc_a-exit.o) (__stdio_exit_handler)
D:/STM32CubeIDE_1.19.0/STM32CubeIDE/plugins/com.st.stm32cube.ide.mcu.externaltools.gnu-tools-for-stm32.13.3.rel1.win32_1.0.0.202411081344/tools/bin/../lib/gcc/arm-none-eabi/13.3.1/../../../../arm-none-eabi/lib/thumb/v7e-m+fp/hard\libc_nano.a(libc_a-fwalk.o)
                              D:/STM32CubeIDE_1.19.0/STM32CubeIDE/plugins/com.st.stm32cube.ide.mcu.externaltools.gnu-tools-for-stm32.13.3.rel1.win32_1.0.0.202411081344/tools/bin/../lib/gcc/arm-none-eabi/13.3.1/../../../../arm-none-eabi/lib/thumb/v7e-m+fp/hard\libc_nano.a(libc_a-findfp.o) (_fwalk_sglue)
D:/STM32CubeIDE_1.19.0/STM32CubeIDE/plugins/com.st.stm32cube.ide.mcu.externaltools.gnu-tools-for-stm32.13.3.rel1.win32_1.0.0.202411081344/tools/bin/../lib/gcc/arm-none-eabi/13.3.1/../../../../arm-none-eabi/lib/thumb/v7e-m+fp/hard\libc_nano.a(libc_a-stdio.o)
                              D:/STM32CubeIDE_1.19.0/STM32CubeIDE/plugins/com.st.stm32cube.ide.mcu.externaltools.gnu-tools-for-stm32.13.3.rel1.win32_1.0.0.202411081344/tools/bin/../lib/gcc/arm-none-eabi/13.3.1/../../../../arm-none-eabi/lib/thumb/v7e-m+fp/hard\libc_nano.a(libc_a-findfp.o) (__sread)
D:/STM32CubeIDE_1.19.0/STM32CubeIDE/plugins/com.st.stm32cube.ide.mcu.externaltools.gnu-tools-for-stm32.13.3.rel1.win32_1.0.0.202411081344/tools/bin/../lib/gcc/arm-none-eabi/13.3.1/../../../../arm-none-eabi/lib/thumb/v7e-m+fp/hard\libc_nano.a(libc_a-memset.o)
                              D:/STM32CubeIDE_1.19.0/STM32CubeIDE/plugins/com.st.stm32cube.ide.mcu.externaltools.gnu-tools-for-stm32.13.3.rel1.win32_1.0.0.202411081344/tools/bin/../lib/gcc/arm-none-eabi/13.3.1/../../../../arm-none-eabi/lib/thumb/v7e-m+fp/hard/crt0.o (memset)
D:/STM32CubeIDE_1.19.0/STM32CubeIDE/plugins/com.st.stm32cube.ide.mcu.externaltools.gnu-tools-for-stm32.13.3.rel1.win32_1.0.0.202411081344/tools/bin/../lib/gcc/arm-none-eabi/13.3.1/../../../../arm-none-eabi/lib/thumb/v7e-m+fp/hard\libc_nano.a(libc_a-closer.o)
                              D:/STM32CubeIDE_1.19.0/STM32CubeIDE/plugins/com.st.stm32cube.ide.mcu.externaltools.gnu-tools-for-stm32.13.3.rel1.win32_1.0.0.202411081344/tools/bin/../lib/gcc/arm-none-eabi/13.3.1/../../../../arm-none-eabi/lib/thumb/v7e-m+fp/hard\libc_nano.a(libc_a-stdio.o) (_close_r)
D:/STM32CubeIDE_1.19.0/STM32CubeIDE/plugins/com.st.stm32cube.ide.mcu.externaltools.gnu-tools-for-stm32.13.3.rel1.win32_1.0.0.202411081344/tools/bin/../lib/gcc/arm-none-eabi/13.3.1/../../../../arm-none-eabi/lib/thumb/v7e-m+fp/hard\libc_nano.a(libc_a-reent.o)
                              D:/STM32CubeIDE_1.19.0/STM32CubeIDE/plugins/com.st.stm32cube.ide.mcu.externaltools.gnu-tools-for-stm32.13.3.rel1.win32_1.0.0.202411081344/tools/bin/../lib/gcc/arm-none-eabi/13.3.1/../../../../arm-none-eabi/lib/thumb/v7e-m+fp/hard\libc_nano.a(libc_a-closer.o) (errno)
D:/STM32CubeIDE_1.19.0/STM32CubeIDE/plugins/com.st.stm32cube.ide.mcu.externaltools.gnu-tools-for-stm32.13.3.rel1.win32_1.0.0.202411081344/tools/bin/../lib/gcc/arm-none-eabi/13.3.1/../../../../arm-none-eabi/lib/thumb/v7e-m+fp/hard\libc_nano.a(libc_a-impure.o)
                              D:/STM32CubeIDE_1.19.0/STM32CubeIDE/plugins/com.st.stm32cube.ide.mcu.externaltools.gnu-tools-for-stm32.13.3.rel1.win32_1.0.0.202411081344/tools/bin/../lib/gcc/arm-none-eabi/13.3.1/../../../../arm-none-eabi/lib/thumb/v7e-m+fp/hard\libc_nano.a(libc_a-reent.o) (_impure_ptr)
D:/STM32CubeIDE_1.19.0/STM32CubeIDE/plugins/com.st.stm32cube.ide.mcu.externaltools.gnu-tools-for-stm32.13.3.rel1.win32_1.0.0.202411081344/tools/bin/../lib/gcc/arm-none-eabi/13.3.1/../../../../arm-none-eabi/lib/thumb/v7e-m+fp/hard\libc_nano.a(libc_a-lseekr.o)
[...]
Memory Configuration

Name             Origin             Length             Attributes
CCMRAM           0x10000000         0x00010000         xrw
RAM              0x20000000         0x00020000         xrw
FLASH            0x08000000         0x00100000         xr
*default*        0x00000000         0xffffffff

Linker script and memory map

LOAD D:/STM32CubeIDE_1.19.0/STM32CubeIDE/plugins/com.st.stm32cube.ide.mcu.externaltools.gnu-tools-for-stm32.13.3.rel1.win32_1.0.0.202411081344/tools/bin/../lib/gcc/arm-none-eabi/13.3.1/thumb/v7e-m+fp/hard/crti.o
LOAD D:/STM32CubeIDE_1.19.0/STM32CubeIDE/plugins/com.st.stm32cube.ide.mcu.externaltools.gnu-tools-for-stm32.13.3.rel1.win32_1.0.0.202411081344/tools/bin/../lib/gcc/arm-none-eabi/13.3.1/thumb/v7e-m+fp/hard/crtbegin.o
LOAD D:/STM32CubeIDE_1.19.0/STM32CubeIDE/plugins/com.st.stm32cube.ide.mcu.externaltools.gnu-tools-for-stm32.13.3.rel1.win32_1.0.0.202411081344/tools/bin/../lib/gcc/arm-none-eabi/13.3.1/../../../../arm-none-eabi/lib/thumb/v7e-m+fp/hard/crt0.o
LOAD ./Core/Src/main.o
LOAD ./Core/Src/stm32f4xx_hal_msp.o
LOAD ./Core/Src/stm32f4xx_it.o
LOAD ./Core/Src/syscalls.o
LOAD ./Core/Src/sysmem.o
LOAD ./Core/Src/system_stm32f4xx.o
LOAD ./Core/Startup/startup_stm32f407vgtx.o
LOAD ./Drivers/STM32F4xx_HAL_Driver/Src/stm32f4xx_hal.o
LOAD ./Drivers/STM32F4xx_HAL_Driver/Src/stm32f4xx_hal_adc.o
LOAD ./Drivers/STM32F4xx_HAL_Driver/Src/stm32f4xx_hal_adc_ex.o
LOAD ./Drivers/STM32F4xx_HAL_Driver/Src/stm32f4xx_hal_cortex.o
LOAD ./Drivers/STM32F4xx_HAL_Driver/Src/stm32f4xx_hal_dma.o
LOAD ./Drivers/STM32F4xx_HAL_Driver/Src/stm32f4xx_hal_dma_ex.o
LOAD ./Drivers/STM32F4xx_HAL_Driver/Src/stm32f4xx_hal_exti.o
LOAD ./Drivers/STM32F4xx_HAL_Driver/Src/stm32f4xx_hal_flash.o
LOAD ./Drivers/STM32F4xx_HAL_Driver/Src/stm32f4xx_hal_flash_ex.o
LOAD ./Drivers/STM32F4xx_HAL_Driver/Src/stm32f4xx_hal_flash_ramfunc.o
LOAD ./Drivers/STM32F4xx_HAL_Driver/Src/stm32f4xx_hal_gpio.o
LOAD ./Drivers/STM32F4xx_HAL_Driver/Src/stm32f4xx_hal_i2c.o
LOAD ./Drivers/STM32F4xx_HAL_Driver/Src/stm32f4xx_hal_i2c_ex.o
LOAD ./Drivers/STM32F4xx_HAL_Driver/Src/stm32f4xx_hal_i2s.o
LOAD ./Drivers/STM32F4xx_HAL_Driver/Src/stm32f4xx_hal_i2s_ex.o
LOAD ./Drivers/STM32F4xx_HAL_Driver/Src/stm32f4xx_hal_pcd.o
LOAD ./Drivers/STM32F4xx_HAL_Driver/Src/stm32f4xx_hal_pcd_ex.o
LOAD ./Drivers/STM32F4xx_HAL_Driver/Src/stm32f4xx_hal_pwr.o
LOAD ./Drivers/STM32F4xx_HAL_Driver/Src/stm32f4xx_hal_pwr_ex.o
LOAD ./Drivers/STM32F4xx_HAL_Driver/Src/stm32f4xx_hal_rcc.o
LOAD ./Drivers/STM32F4xx_HAL_Driver/Src/stm32f4xx_hal_rcc_ex.o
LOAD ./Drivers/STM32F4xx_HAL_Driver/Src/stm32f4xx_hal_spi.o
LOAD ./Drivers/STM32F4xx_HAL_Driver/Src/stm32f4xx_hal_tim.o
LOAD ./Drivers/STM32F4xx_HAL_Driver/Src/stm32f4xx_hal_tim_ex.o
LOAD ./Drivers/STM32F4xx_HAL_Driver/Src/stm32f4xx_hal_uart.o
LOAD ./Drivers/STM32F4xx_HAL_Driver/Src/stm32f4xx_ll_adc.o
LOAD ./Drivers/STM32F4xx_HAL_Driver/Src/stm32f4xx_ll_usb.o
LOAD ./Middlewares/ST/STM32_USB_Device_Library/Class/CDC/Src/usbd_cdc.o
LOAD ./Middlewares/ST/STM32_USB_Device_Library/Core/Src/usbd_core.o
LOAD ./Middlewares/ST/STM32_USB_Device_Library/Core/Src/usbd_ctlreq.o
LOAD ./Middlewares/ST/STM32_USB_Device_Library/Core/Src/usbd_ioreq.o
LOAD ./USB_DEVICE/App/usb_device.o
LOAD ./USB_DEVICE/App/usbd_cdc_if.o
LOAD ./USB_DEVICE/App/usbd_desc.o
LOAD ./USB_DEVICE/Target/usbd_conf.o
START GROUP
LOAD D:/STM32CubeIDE_1.19.0/STM32CubeIDE/plugins/com.st.stm32cube.ide.mcu.externaltools.gnu-tools-for-stm32.13.3.rel1.win32_1.0.0.202411081344/tools/bin/../lib/gcc/arm-none-eabi/13.3.1/../../../../arm-none-eabi/lib/thumb/v7e-m+fp/hard\libc_nano.a
LOAD D:/STM32CubeIDE_1.19.0/STM32CubeIDE/plugins/com.st.stm32cube.ide.mcu.externaltools.gnu-tools-for-stm32.13.3.rel1.win32_1.0.0.202411081344/tools/bin/../lib/gcc/arm-none-eabi/13.3.1/../../../../arm-none-eabi/lib/thumb/v7e-m+fp/hard\libm.a
END GROUP
START GROUP
LOAD D:/STM32CubeIDE_1.19.0/STM32CubeIDE/plugins/com.st.stm32cube.ide.mcu.externaltools.gnu-tools-for-stm32.13.3.rel1.win32_1.0.0.202411081344/tools/bin/../lib/gcc/arm-none-eabi/13.3.1/thumb/v7e-m+fp/hard\libgcc.a
LOAD D:/STM32CubeIDE_1.19.0/STM32CubeIDE/plugins/com.st.stm32cube.ide.mcu.externaltools.gnu-tools-for-stm32.13.3.rel1.win32_1.0.0.202411081344/tools/bin/../lib/gcc/arm-none-eabi/13.3.1/../../../../arm-none-eabi/lib/thumb/v7e-m+fp/hard\libc_nano.a
END GROUP
START GROUP
LOAD D:/STM32CubeIDE_1.19.0/STM32CubeIDE/plugins/com.st.stm32cube.ide.mcu.externaltools.gnu-tools-for-stm32.13.3.rel1.win32_1.0.0.202411081344/tools/bin/../lib/gcc/arm-none-eabi/13.3.1/thumb/v7e-m+fp/hard\libgcc.a
LOAD D:/STM32CubeIDE_1.19.0/STM32CubeIDE/plugins/com.st.stm32cube.ide.mcu.externaltools.gnu-tools-for-stm32.13.3.rel1.win32_1.0.0.202411081344/tools/bin/../lib/gcc/arm-none-eabi/13.3.1/../../../../arm-none-eabi/lib/thumb/v7e-m+fp/hard\libc_nano.a
LOAD D:/STM32CubeIDE_1.19.0/STM32CubeIDE/plugins/com.st.stm32cube.ide.mcu.externaltools.gnu-tools-for-stm32.13.3.rel1.win32_1.0.0.202411081344/tools/bin/../lib/gcc/arm-none-eabi/13.3.1/../../../../arm-none-eabi/lib/thumb/v7e-m+fp/hard\libnosys.a
END GROUP
START GROUP
LOAD D:/STM32CubeIDE_1.19.0/STM32CubeIDE/plugins/com.st.stm32cube.ide.mcu.externaltools.gnu-tools-for-stm32.13.3.rel1.win32_1.0.0.202411081344/tools/bin/../lib/gcc/arm-none-eabi/13.3.1/thumb/v7e-m+fp/hard\libgcc.a
LOAD D:/STM32CubeIDE_1.19.0/STM32CubeIDE/plugins/com.st.stm32cube.ide.mcu.externaltools.gnu-tools-for-stm32.13.3.rel1.win32_1.0.0.202411081344/tools/bin/../lib/gcc/arm-none-eabi/13.3.1/../../../../arm-none-eabi/lib/thumb/v7e-m+fp/hard\libc_nano.a
LOAD D:/STM32CubeIDE_1.19.0/STM32CubeIDE/plugins/com.st.stm32cube.ide.mcu.externaltools.gnu-tools-for-stm32.13.3.rel1.win32_1.0.0.202411081344/tools/bin/../lib/gcc/arm-none-eabi/13.3.1/../../../../arm-none-eabi/lib/thumb/v7e-m+fp/hard\libnosys.a
END GROUP
LOAD D:/STM32CubeIDE_1.19.0/STM32CubeIDE/plugins/com.st.stm32cube.ide.mcu.externaltools.gnu-tools-for-stm32.13.3.rel1.win32_1.0.0.202411081344/tools/bin/../lib/gcc/arm-none-eabi/13.3.1/thumb/v7e-m+fp/hard/crtend.o
LOAD D:/STM32CubeIDE_1.19.0/STM32CubeIDE/plugins/com.st.stm32cube.ide.mcu.externaltools.gnu-tools-for-stm32.13.3.rel1.win32_1.0.0.202411081344/tools/bin/../lib/gcc/arm-none-eabi/13.3.1/thumb/v7e-m+fp/hard/crtn.o
                0x20020000                        _estack = (ORIGIN (RAM) + LENGTH (RAM))
                0x00000200                        _Min_Heap_Size = 0x200
                0x00000400                        _Min_Stack_Size = 0x400

.isr_vector     0x08000000      0x188
                0x08000000                        . = ALIGN (0x4)
 *(.isr_vector)
 .isr_vector    0x08000000      0x188 ./Core/Startup/startup_stm32f407vgtx.o
                0x08000000                g_pfnVectors
                0x08000188                        . = ALIGN (0x4)

.text           0x08000188     0xac58
                0x08000188                        . = ALIGN (0x4)
 *(.text)
 .text          0x08000188       0x40 D:/STM32CubeIDE_1.19.0/STM32CubeIDE/plugins/com.st.stm32cube.ide.mcu.externaltools.gnu-tools-for-stm32.13.3.rel1.win32_1.0.0.202411081344/tools/bin/../lib/gcc/arm-none-eabi/13.3.1/thumb/v7e-m+fp/hard/crtbegin.o
 .text          0x080001c8       0x30 D:/STM32CubeIDE_1.19.0/STM32CubeIDE/plugins/com.st.stm32cube.ide.mcu.externaltools.gnu-tools-for-stm32.13.3.rel1.win32_1.0.0.202411081344/tools/bin/../lib/gcc/arm-none-eabi/13.3.1/thumb/v7e-m+fp/hard\libgcc.a(_aeabi_uldivmod.o)
                0x080001c8                __aeabi_uldivmod
 .text          0x080001f8      0x2f8 D:/STM32CubeIDE_1.19.0/STM32CubeIDE/plugins/com.st.stm32cube.ide.mcu.externaltools.gnu-tools-for-stm32.13.3.rel1.win32_1.0.0.202411081344/tools/bin/../lib/gcc/arm-none-eabi/13.3.1/thumb/v7e-m+fp/hard\libgcc.a(_udivmoddi4.o)
                0x080001f8                __udivmoddi4
 .text          0x080004f0        0x4 D:/STM32CubeIDE_1.19.0/STM32CubeIDE/plugins/com.st.stm32cube.ide.mcu.externaltools.gnu-tools-for-stm32.13.3.rel1.win32_1.0.0.202411081344/tools/bin/../lib/gcc/arm-none-eabi/13.3.1/thumb/v7e-m+fp/hard\libgcc.a(_dvmd_tls.o)
                0x080004f0                __aeabi_idiv0
                0x080004f0                __aeabi_ldiv0
 *(.text*)
 .text.HAL_ADC_ConvHalfCpltCallback
                0x080004f4       0x20 ./Core/Src/main.o
                0x080004f4                HAL_ADC_ConvHalfCpltCallback
 .text.HAL_ADC_ConvCpltCallback
                0x08000514       0x20 ./Core/Src/main.o
                0x08000514                HAL_ADC_ConvCpltCallback
 .text.main     0x08000534       0x90 ./Core/Src/main.o
                0x08000534                main
 .text.SystemClock_Config
                0x080005c4       0xd4 ./Core/Src/main.o
                0x080005c4                SystemClock_Config
 .text.MX_ADC1_Init
                0x08000698       0xc0 ./Core/Src/main.o
 .text.MX_I2C1_Init
                0x08000758       0x5c ./Core/Src/main.o
 .text.MX_I2S3_Init
                0x080007b4       0x60 ./Core/Src/main.o
 .text.MX_SPI1_Init
                0x08000814       0x6c ./Core/Src/main.o
 .text.MX_TIM2_Init
                0x08000880       0x98 ./Core/Src/main.o
 .text.MX_USART2_UART_Init
                0x08000918       0x54 ./Core/Src/main.o
 .text.MX_DMA_Init
                0x0800096c       0x40 ./Core/Src/main.o
 .text.MX_GPIO_Init
                0x080009ac      0x1fc ./Core/Src/main.o
 .text.Error_Handler
                0x08000ba8        0xc ./Core/Src/main.o
                0x08000ba8                Error_Handler
 .text.HAL_MspInit
                0x08000bb4       0x50 ./Core/Src/stm32f4xx_hal_msp.o
                0x08000bb4                HAL_MspInit
 .text.HAL_ADC_MspInit
                0x08000c04       0xf0 ./Core/Src/stm32f4xx_hal_msp.o
                0x08000c04                HAL_ADC_MspInit
 .text.HAL_I2C_MspInit
                0x08000cf4       0x90 ./Core/Src/stm32f4xx_hal_msp.o
                0x08000cf4                HAL_I2C_MspInit
 .text.HAL_I2S_MspInit
                0x08000d84      0x100 ./Core/Src/stm32f4xx_hal_msp.o
                0x08000d84                HAL_I2S_MspInit
 .text.HAL_SPI_MspInit
                0x08000e84       0x90 ./Core/Src/stm32f4xx_hal_msp.o
                0x08000e84                HAL_SPI_MspInit
 .text.HAL_TIM_Base_MspInit
                0x08000f14       0x4c ./Core/Src/stm32f4xx_hal_msp.o
                0x08000f14                HAL_TIM_Base_MspInit
 .text.HAL_UART_MspInit
                0x08000f60       0xe0 ./Core/Src/stm32f4xx_hal_msp.o
                0x08000f60                HAL_UART_MspInit
 .text.NMI_Handler
                0x08001040        0x8 ./Core/Src/stm32f4xx_it.o
                0x08001040                NMI_Handler
 .text.HardFault_Handler
                0x08001048        0x8 ./Core/Src/stm32f4xx_it.o
                0x08001048                HardFault_Handler
 .text.MemManage_Handler
                0x08001050        0x8 ./Core/Src/stm32f4xx_it.o
                0x08001050                MemManage_Handler
 .text.BusFault_Handler
                0x08001058        0x8 ./Core/Src/stm32f4xx_it.o
                0x08001058                BusFault_Handler
 .text.UsageFault_Handler
                0x08001060        0x8 ./Core/Src/stm32f4xx_it.o
                0x08001060                UsageFault_Handler
 .text.SVC_Handler
                0x08001068        0xe ./Core/Src/stm32f4xx_it.o
                0x08001068                SVC_Handler
 .text.DebugMon_Handler
                0x08001076        0xe ./Core/Src/stm32f4xx_it.o
                0x08001076                DebugMon_Handler
 .text.PendSV_Handler
                0x08001084        0xe ./Core/Src/stm32f4xx_it.o
                0x08001084                PendSV_Handler
 .text.SysTick_Handler
                0x08001092        0xc ./Core/Src/stm32f4xx_it.o
                0x08001092                SysTick_Handler
 *fill*         0x0800109e        0x2 
 .text.TIM2_IRQHandler
                0x080010a0       0x14 ./Core/Src/stm32f4xx_it.o
                0x080010a0                TIM2_IRQHandler
 .text.USART2_IRQHandler
                0x080010b4       0x14 ./Core/Src/stm32f4xx_it.o
                0x080010b4                USART2_IRQHandler
 .text.DMA2_Stream0_IRQHandler
                0x080010c8       0x14 ./Core/Src/stm32f4xx_it.o
                0x080010c8                DMA2_Stream0_IRQHandler
 .text.OTG_FS_IRQHandler
                0x080010dc       0x14 ./Core/Src/stm32f4xx_it.o
                0x080010dc                OTG_FS_IRQHandler
 .text.SystemInit
                0x080010f0       0x24 ./Core/Src/system_stm32f4xx.o
                0x080010f0                SystemInit
 .text.Reset_Handler
                0x08001114       0x50 ./Core/Startup/startup_stm32f407vgtx.o
                0x08001114                Reset_Handler
 .text.Default_Handler
                0x08001164        0x2 ./Core/Startup/startup_stm32f407vgtx.o
                0x08001164                RTC_Alarm_IRQHandler
                0x08001164                HASH_RNG_IRQHandler
                0x08001164                EXTI2_IRQHandler
                0x08001164                TIM8_CC_IRQHandler
                0x08001164                TIM1_CC_IRQHandler
                0x08001164                DMA2_Stream5_IRQHandler
                0x08001164                DMA1_Stream5_IRQHandler
                0x08001164                PVD_IRQHandler
                0x08001164                SDIO_IRQHandler
                0x08001164                TAMP_STAMP_IRQHandler
                0x08001164                CAN2_RX1_IRQHandler
                0x08001164                EXTI3_IRQHandler
                0x08001164                TIM8_TRG_COM_TIM14_IRQHandler
                0x08001164                TIM1_UP_TIM10_IRQHandler
                0x08001164                TIM8_UP_TIM13_IRQHandler
                0x08001164                I2C3_ER_IRQHandler
                0x08001164                EXTI0_IRQHandler
                0x08001164                I2C2_EV_IRQHandler
                0x08001164                DMA1_Stream2_IRQHandler
                0x08001164                CAN1_RX0_IRQHandler
                0x08001164                FPU_IRQHandler
                0x08001164                OTG_HS_WKUP_IRQHandler
                0x08001164                CAN2_SCE_IRQHandler
                0x08001164                DMA2_Stream2_IRQHandler
                0x08001164                SPI1_IRQHandler
                0x08001164                TIM6_DAC_IRQHandler
                0x08001164                TIM1_BRK_TIM9_IRQHandler
                0x08001164                DCMI_IRQHandler
                0x08001164                CAN2_RX0_IRQHandler
                0x08001164                DMA2_Stream3_IRQHandler
                0x08001164                USART6_IRQHandler
                0x08001164                USART3_IRQHandler
                0x08001164                CAN1_RX1_IRQHandler
                0x08001164                UART5_IRQHandler
                0x08001164                TIM4_IRQHandler
                0x08001164                I2C1_EV_IRQHandler
                0x08001164                DMA1_Stream6_IRQHandler
                0x08001164                DMA1_Stream1_IRQHandler
                0x08001164                UART4_IRQHandler
                0x08001164                TIM3_IRQHandler
                0x08001164                RCC_IRQHandler
                0x08001164                TIM8_BRK_TIM12_IRQHandler
                0x08001164                Default_Handler
                0x08001164                EXTI15_10_IRQHandler
                0x08001164                ADC_IRQHandler
                0x08001164                DMA1_Stream7_IRQHandler
                0x08001164                TIM7_IRQHandler
                0x08001164                CAN2_TX_IRQHandler
                0x08001164                TIM5_IRQHandler
                0x08001164                DMA2_Stream7_IRQHandler
                0x08001164                I2C3_EV_IRQHandler
                0x08001164                EXTI9_5_IRQHandler
                0x08001164                RTC_WKUP_IRQHandler
                0x08001164                ETH_WKUP_IRQHandler
                0x08001164                SPI2_IRQHandler
                0x08001164                OTG_HS_EP1_IN_IRQHandler
                0x08001164                DMA1_Stream0_IRQHandler
                0x08001164                CAN1_TX_IRQHandler
                0x08001164                EXTI4_IRQHandler
                0x08001164                FSMC_IRQHandler
                0x08001164                ETH_IRQHandler
                0x08001164                OTG_HS_EP1_OUT_IRQHandler
                0x08001164                WWDG_IRQHandler
                0x08001164                OTG_FS_WKUP_IRQHandler
                0x08001164                TIM1_TRG_COM_TIM11_IRQHandler
                0x08001164                OTG_HS_IRQHandler
                0x08001164                EXTI1_IRQHandler
                0x08001164                I2C2_ER_IRQHandler
                0x08001164                DMA2_Stream1_IRQHandler
                0x08001164                CAN1_SCE_IRQHandler
                0x08001164                FLASH_IRQHandler
                0x08001164                DMA2_Stream4_IRQHandler
                0x08001164                USART1_IRQHandler
                0x08001164                SPI3_IRQHandler
                0x08001164                DMA1_Stream4_IRQHandler
                0x08001164                I2C1_ER_IRQHandler
                0x08001164                DMA2_Stream6_IRQHandler
                0x08001164                DMA1_Stream3_IRQHandler
 *fill*         0x08001166        0x2 
 .text.HAL_Init
                0x08001168       0x44 ./Drivers/STM32F4xx_HAL_Driver/Src/stm32f4xx_hal.o
                0x08001168                HAL_Init
 .text.HAL_InitTick
                0x080011ac       0x60 ./Drivers/STM32F4xx_HAL_Driver/Src/stm32f4xx_hal.o
                0x080011ac                HAL_InitTick
 .text.HAL_IncTick
                0x0800120c       0x28 ./Drivers/STM32F4xx_HAL_Driver/Src/stm32f4xx_hal.o
                0x0800120c                HAL_IncTick
 .text.HAL_GetTick
                0x08001234       0x18 ./Drivers/STM32F4xx_HAL_Driver/Src/stm32f4xx_hal.o
                0x08001234                HAL_GetTick
 .text.HAL_Delay
                0x0800124c       0x48 ./Drivers/STM32F4xx_HAL_Driver/Src/stm32f4xx_hal.o
                0x0800124c                HAL_Delay
 .text.HAL_ADC_Init
                0x08001294       0x86 ./Drivers/STM32F4xx_HAL_Driver/Src/stm32f4xx_hal_adc.o
                0x08001294                HAL_ADC_Init
 *fill*         0x0800131a        0x2 
 .text.HAL_ADC_Start_DMA
                0x0800131c      0x228 ./Drivers/STM32F4xx_HAL_Driver/Src/stm32f4xx_hal_adc.o
                0x0800131c                HAL_ADC_Start_DMA
 .text.HAL_ADC_ErrorCallback
                0x08001544       0x14 ./Drivers/STM32F4xx_HAL_Driver/Src/stm32f4xx_hal_adc.o
                0x08001544                HAL_ADC_ErrorCallback
 .text.HAL_ADC_ConfigChannel
                0x08001558      0x244 ./Drivers/STM32F4xx_HAL_Driver/Src/stm32f4xx_hal_adc.o
                0x08001558                HAL_ADC_ConfigChannel
 .text.ADC_Init
                0x0800179c      0x1f8 ./Drivers/STM32F4xx_HAL_Driver/Src/stm32f4xx_hal_adc.o
 .text.ADC_DMAConvCplt
                0x08001994       0xba ./Drivers/STM32F4xx_HAL_Driver/Src/stm32f4xx_hal_adc.o
 .text.ADC_DMAHalfConvCplt
                0x08001a4e       0x1c ./Drivers/STM32F4xx_HAL_Driver/Src/stm32f4xx_hal_adc.o
 .text.ADC_DMAError
                0x08001a6a       0x2e ./Drivers/STM32F4xx_HAL_Driver/Src/stm32f4xx_hal_adc.o
 .text.__NVIC_SetPriorityGrouping
                0x08001a98       0x48 ./Drivers/STM32F4xx_HAL_Driver/Src/stm32f4xx_hal_cortex.o
 .text.__NVIC_GetPriorityGrouping
                0x08001ae0       0x1c ./Drivers/STM32F4xx_HAL_Driver/Src/stm32f4xx_hal_cortex.o
 .text.__NVIC_EnableIRQ
                0x08001afc       0x3c ./Drivers/STM32F4xx_HAL_Driver/Src/stm32f4xx_hal_cortex.o
 .text.__NVIC_SetPriority
                0x08001b38       0x54 ./Drivers/STM32F4xx_HAL_Driver/Src/stm32f4xx_hal_cortex.o
 .text.NVIC_EncodePriority
                0x08001b8c       0x66 ./Drivers/STM32F4xx_HAL_Driver/Src/stm32f4xx_hal_cortex.o
 *fill*         0x08001bf2        0x2 
 .text.SysTick_Config
                0x08001bf4       0x44 ./Drivers/STM32F4xx_HAL_Driver/Src/stm32f4xx_hal_cortex.o
 .text.HAL_NVIC_SetPriorityGrouping
                0x08001c38       0x16 ./Drivers/STM32F4xx_HAL_Driver/Src/stm32f4xx_hal_cortex.o
                0x08001c38                HAL_NVIC_SetPriorityGrouping
 .text.HAL_NVIC_SetPriority
                0x08001c4e       0x38 ./Drivers/STM32F4xx_HAL_Driver/Src/stm32f4xx_hal_cortex.o
                0x08001c4e                HAL_NVIC_SetPriority
 .text.HAL_NVIC_EnableIRQ
                0x08001c86       0x1c ./Drivers/STM32F4xx_HAL_Driver/Src/stm32f4xx_hal_cortex.o
                0x08001c86                HAL_NVIC_EnableIRQ
 .text.HAL_SYSTICK_Config
                0x08001ca2       0x18 ./Drivers/STM32F4xx_HAL_Driver/Src/stm32f4xx_hal_cortex.o
                0x08001ca2                HAL_SYSTICK_Config
 *fill*         0x08001cba        0x2 
 .text.HAL_DMA_Init
                0x08001cbc      0x15c ./Drivers/STM32F4xx_HAL_Driver/Src/stm32f4xx_hal_dma.o
                0x08001cbc                HAL_DMA_Init
 .text.HAL_DMA_Start_IT
                0x08001e18       0xb0 ./Drivers/STM32F4xx_HAL_Driver/Src/stm32f4xx_hal_dma.o
                0x08001e18                HAL_DMA_Start_IT
 .text.HAL_DMA_Abort
                0x08001ec8       0xe0 ./Drivers/STM32F4xx_HAL_Driver/Src/stm32f4xx_hal_dma.o
                0x08001ec8                HAL_DMA_Abort
 .text.HAL_DMA_Abort_IT
                0x08001fa8       0x44 ./Drivers/STM32F4xx_HAL_Driver/Src/stm32f4xx_hal_dma.o
                0x08001fa8                HAL_DMA_Abort_IT
 .text.HAL_DMA_IRQHandler
                0x08001fec      0x314 ./Drivers/STM32F4xx_HAL_Driver/Src/stm32f4xx_hal_dma.o
                0x08001fec                HAL_DMA_IRQHandler
 .text.DMA_SetConfig
                0x08002300       0x5c ./Drivers/STM32F4xx_HAL_Driver/Src/stm32f4xx_hal_dma.o
 .text.DMA_CalcBaseAndBitshift
                0x0800235c       0x6c ./Drivers/STM32F4xx_HAL_Driver/Src/stm32f4xx_hal_dma.o
 .text.DMA_CheckFifoParam
                0x080023c8       0xf8 ./Drivers/STM32F4xx_HAL_Driver/Src/stm32f4xx_hal_dma.o
 .text.HAL_GPIO_Init
                0x080024c0      0x338 ./Drivers/STM32F4xx_HAL_Driver/Src/stm32f4xx_hal_gpio.o
                0x080024c0                HAL_GPIO_Init
 .text.HAL_GPIO_WritePin
                0x080027f8       0x32 ./Drivers/STM32F4xx_HAL_Driver/Src/stm32f4xx_hal_gpio.o
                0x080027f8                HAL_GPIO_WritePin
 *fill*         0x0800282a        0x2 
 .text.HAL_I2C_Init
                0x0800282c      0x288 ./Drivers/STM32F4xx_HAL_Driver/Src/stm32f4xx_hal_i2c.o
                0x0800282c                HAL_I2C_Init
 .text.HAL_I2S_Init
                0x08002ab4      0x280 ./Drivers/STM32F4xx_HAL_Driver/Src/stm32f4xx_hal_i2s.o
                0x08002ab4                HAL_I2S_Init
 .text.HAL_I2S_TxCpltCallback
                0x08002d34       0x14 ./Drivers/STM32F4xx_HAL_Driver/Src/stm32f4xx_hal_i2s.o
                0x08002d34                HAL_I2S_TxCpltCallback
 .text.HAL_I2S_RxCpltCallback
                0x08002d48       0x14 ./Drivers/STM32F4xx_HAL_Driver/Src/stm32f4xx_hal_i2s.o
                0x08002d48                HAL_I2S_RxCpltCallback
 .text.HAL_I2S_ErrorCallback
                0x08002d5c       0x14 ./Drivers/STM32F4xx_HAL_Driver/Src/stm32f4xx_hal_i2s.o
                0x08002d5c                HAL_I2S_ErrorCallback
 .text.I2S_Transmit_IT
                0x08002d70       0x5c ./Drivers/STM32F4xx_HAL_Driver/Src/stm32f4xx_hal_i2s.o
 .text.I2S_Receive_IT
                0x08002dcc       0x5e ./Drivers/STM32F4xx_HAL_Driver/Src/stm32f4xx_hal_i2s.o
 .text.I2S_IRQHandler
                0x08002e2a      0x114 ./Drivers/STM32F4xx_HAL_Driver/Src/stm32f4xx_hal_i2s.o
 *fill*         0x08002f3e        0x2 
 .text.HAL_I2SEx_FullDuplex_IRQHandler
                0x08002f40      0x2a8 ./Drivers/STM32F4xx_HAL_Driver/Src/stm32f4xx_hal_i2s_ex.o
                0x08002f40                HAL_I2SEx_FullDuplex_IRQHandler
 .text.HAL_I2SEx_TxRxCpltCallback
                0x080031e8       0x14 ./Drivers/STM32F4xx_HAL_Driver/Src/stm32f4xx_hal_i2s_ex.o
                0x080031e8                HAL_I2SEx_TxRxCpltCallback
 .text.I2SEx_TxISR_I2S
                0x080031fc       0x62 ./Drivers/STM32F4xx_HAL_Driver/Src/stm32f4xx_hal_i2s_ex.o
 *fill*         0x0800325e        0x2 
 .text.I2SEx_TxISR_I2SExt
                0x08003260       0x98 ./Drivers/STM32F4xx_HAL_Driver/Src/stm32f4xx_hal_i2s_ex.o
 .text.I2SEx_RxISR_I2S
                0x080032f8       0x64 ./Drivers/STM32F4xx_HAL_Driver/Src/stm32f4xx_hal_i2s_ex.o
 .text.I2SEx_RxISR_I2SExt
                0x0800335c       0x98 ./Drivers/STM32F4xx_HAL_Driver/Src/stm32f4xx_hal_i2s_ex.o
 .text.HAL_PCD_Init
                0x080033f4      0x21e ./Drivers/STM32F4xx_HAL_Driver/Src/stm32f4xx_hal_pcd.o
                0x080033f4                HAL_PCD_Init
 .text.HAL_PCD_Start
                0x08003612       0x6a ./Drivers/STM32F4xx_HAL_Driver/Src/stm32f4xx_hal_pcd.o
                0x08003612                HAL_PCD_Start
 .text.HAL_PCD_IRQHandler
                0x0800367c      0x942 ./Drivers/STM32F4xx_HAL_Driver/Src/stm32f4xx_hal_pcd.o
                0x0800367c                HAL_PCD_IRQHandler
 .text.HAL_PCD_SetAddress
                0x08003fbe       0x48 ./Drivers/STM32F4xx_HAL_Driver/Src/stm32f4xx_hal_pcd.o
                0x08003fbe                HAL_PCD_SetAddress
 .text.HAL_PCD_EP_Open
                0x08004006       0xd4 ./Drivers/STM32F4xx_HAL_Driver/Src/stm32f4xx_hal_pcd.o
                0x08004006                HAL_PCD_EP_Open
 .text.HAL_PCD_EP_Close
                0x080040da       0x94 ./Drivers/STM32F4xx_HAL_Driver/Src/stm32f4xx_hal_pcd.o
                0x080040da                HAL_PCD_EP_Close
 .text.HAL_PCD_EP_Receive
                0x0800416e       0x76 ./Drivers/STM32F4xx_HAL_Driver/Src/stm32f4xx_hal_pcd.o
                0x0800416e                HAL_PCD_EP_Receive
 .text.HAL_PCD_EP_GetRxCount
                0x080041e4       0x30 ./Drivers/STM32F4xx_HAL_Driver/Src/stm32f4xx_hal_pcd.o
                0x080041e4                HAL_PCD_EP_GetRxCount
 .text.HAL_PCD_EP_Transmit
                0x08004214       0x74 ./Drivers/STM32F4xx_HAL_Driver/Src/stm32f4xx_hal_pcd.o
                0x08004214                HAL_PCD_EP_Transmit
 .text.HAL_PCD_EP_SetStall
                0x08004288       0xc6 ./Drivers/STM32F4xx_HAL_Driver/Src/stm32f4xx_hal_pcd.o
                0x08004288                HAL_PCD_EP_SetStall
 .text.HAL_PCD_EP_ClrStall
                0x0800434e       0xac ./Drivers/STM32F4xx_HAL_Driver/Src/stm32f4xx_hal_pcd.o
                0x0800434e                HAL_PCD_EP_ClrStall
 .text.HAL_PCD_EP_Abort
                0x080043fa       0x62 ./Drivers/STM32F4xx_HAL_Driver/Src/stm32f4xx_hal_pcd.o
                0x080043fa                HAL_PCD_EP_Abort
 .text.PCD_WriteEmptyTxFifo
                0x0800445c      0x118 ./Drivers/STM32F4xx_HAL_Driver/Src/stm32f4xx_hal_pcd.o
 .text.PCD_EP_OutXfrComplete_int
                0x08004574      0x1d0 ./Drivers/STM32F4xx_HAL_Driver/Src/stm32f4xx_hal_pcd.o
 .text.PCD_EP_OutSetupPacket_int
                0x08004744       0x8c ./Drivers/STM32F4xx_HAL_Driver/Src/stm32f4xx_hal_pcd.o
 .text.HAL_PCDEx_SetTxFiFo
                0x080047d0       0x8e ./Drivers/STM32F4xx_HAL_Driver/Src/stm32f4xx_hal_pcd_ex.o
                0x080047d0                HAL_PCDEx_SetTxFiFo
 .text.HAL_PCDEx_SetRxFiFo
                0x0800485e       0x22 ./Drivers/STM32F4xx_HAL_Driver/Src/stm32f4xx_hal_pcd_ex.o
                0x0800485e                HAL_PCDEx_SetRxFiFo
 .text.HAL_PCDEx_LPM_Callback
                0x08004880       0x18 ./Drivers/STM32F4xx_HAL_Driver/Src/stm32f4xx_hal_pcd_ex.o
                0x08004880                HAL_PCDEx_LPM_Callback
 .text.HAL_RCC_OscConfig
                0x08004898      0x4f0 ./Drivers/STM32F4xx_HAL_Driver/Src/stm32f4xx_hal_rcc.o
                0x08004898                HAL_RCC_OscConfig
 .text.HAL_RCC_ClockConfig
                0x08004d88      0x1cc ./Drivers/STM32F4xx_HAL_Driver/Src/stm32f4xx_hal_rcc.o
                0x08004d88                HAL_RCC_ClockConfig
 .text.HAL_RCC_GetSysClockFreq
                0x08004f54      0x20c ./Drivers/STM32F4xx_HAL_Driver/Src/stm32f4xx_hal_rcc.o
                0x08004f54                HAL_RCC_GetSysClockFreq
 .text.HAL_RCC_GetHCLKFreq
                0x08005160       0x18 ./Drivers/STM32F4xx_HAL_Driver/Src/stm32f4xx_hal_rcc.o
                0x08005160                HAL_RCC_GetHCLKFreq
 .text.HAL_RCC_GetPCLK1Freq
                0x08005178       0x28 ./Drivers/STM32F4xx_HAL_Driver/Src/stm32f4xx_hal_rcc.o
                0x08005178                HAL_RCC_GetPCLK1Freq
 .text.HAL_RCC_GetPCLK2Freq
                0x080051a0       0x28 ./Drivers/STM32F4xx_HAL_Driver/Src/stm32f4xx_hal_rcc.o
                0x080051a0                HAL_RCC_GetPCLK2Freq
 .text.HAL_RCCEx_PeriphCLKConfig
                0x080051c8      0x1c4 ./Drivers/STM32F4xx_HAL_Driver/Src/stm32f4xx_hal_rcc_ex.o
                0x080051c8                HAL_RCCEx_PeriphCLKConfig
 .text.HAL_RCCEx_GetPeriphCLKFreq
                0x0800538c       0xc0 ./Drivers/STM32F4xx_HAL_Driver/Src/stm32f4xx_hal_rcc_ex.o
                0x0800538c                HAL_RCCEx_GetPeriphCLKFreq
 .text.HAL_SPI_Init
                0x0800544c      0x112 ./Drivers/STM32F4xx_HAL_Driver/Src/stm32f4xx_hal_spi.o
                0x0800544c                HAL_SPI_Init
 .text.HAL_TIM_Base_Init
                0x0800555e       0x9e ./Drivers/STM32F4xx_HAL_Driver/Src/stm32f4xx_hal_tim.o
                0x0800555e                HAL_TIM_Base_Init
 .text.HAL_TIM_Base_Start
                0x080055fc       0xd0 ./Drivers/STM32F4xx_HAL_Driver/Src/stm32f4xx_hal_tim.o
                0x080055fc                HAL_TIM_Base_Start
 .text.HAL_TIM_IRQHandler
                0x080056cc      0x1e0 ./Drivers/STM32F4xx_HAL_Driver/Src/stm32f4xx_hal_tim.o
                0x080056cc                HAL_TIM_IRQHandler
 .text.HAL_TIM_ConfigClockSource
                0x080058ac      0x18e ./Drivers/STM32F4xx_HAL_Driver/Src/stm32f4xx_hal_tim.o
                0x080058ac                HAL_TIM_ConfigClockSource
 .text.HAL_TIM_PeriodElapsedCallback
                0x08005a3a       0x14 ./Drivers/STM32F4xx_HAL_Driver/Src/stm32f4xx_hal_tim.o
                0x08005a3a                HAL_TIM_PeriodElapsedCallback
 .text.HAL_TIM_OC_DelayElapsedCallback
                0x08005a4e       0x14 ./Drivers/STM32F4xx_HAL_Driver/Src/stm32f4xx_hal_tim.o
                0x08005a4e                HAL_TIM_OC_DelayElapsedCallback
 .text.HAL_TIM_IC_CaptureCallback
                0x08005a62       0x14 ./Drivers/STM32F4xx_HAL_Driver/Src/stm32f4xx_hal_tim.o
                0x08005a62                HAL_TIM_IC_CaptureCallback
 .text.HAL_TIM_PWM_PulseFinishedCallback
                0x08005a76       0x14 ./Drivers/STM32F4xx_HAL_Driver/Src/stm32f4xx_hal_tim.o
                0x08005a76                HAL_TIM_PWM_PulseFinishedCallback
 .text.HAL_TIM_TriggerCallback
                0x08005a8a       0x14 ./Drivers/STM32F4xx_HAL_Driver/Src/stm32f4xx_hal_tim.o
                0x08005a8a                HAL_TIM_TriggerCallback
 *fill*         0x08005a9e        0x2 
 .text.TIM_Base_SetConfig
                0x08005aa0      0x14c ./Drivers/STM32F4xx_HAL_Driver/Src/stm32f4xx_hal_tim.o
                0x08005aa0                TIM_Base_SetConfig
 .text.TIM_TI1_ConfigInputStage
                0x08005bec       0x5e ./Drivers/STM32F4xx_HAL_Driver/Src/stm32f4xx_hal_tim.o
 .text.TIM_TI2_ConfigInputStage
                0x08005c4a       0x60 ./Drivers/STM32F4xx_HAL_Driver/Src/stm32f4xx_hal_tim.o
 .text.TIM_ITRx_SetConfig
                0x08005caa       0x36 ./Drivers/STM32F4xx_HAL_Driver/Src/stm32f4xx_hal_tim.o
 .text.TIM_ETR_SetConfig
                0x08005ce0       0x40 ./Drivers/STM32F4xx_HAL_Driver/Src/stm32f4xx_hal_tim.o
                0x08005ce0                TIM_ETR_SetConfig
 .text.HAL_TIMEx_MasterConfigSynchronization
                0x08005d20       0xf8 ./Drivers/STM32F4xx_HAL_Driver/Src/stm32f4xx_hal_tim_ex.o
                0x08005d20                HAL_TIMEx_MasterConfigSynchronization
 .text.HAL_TIMEx_CommutCallback
                0x08005e18       0x14 ./Drivers/STM32F4xx_HAL_Driver/Src/stm32f4xx_hal_tim_ex.o
                0x08005e18                HAL_TIMEx_CommutCallback
 .text.HAL_TIMEx_BreakCallback
                0x08005e2c       0x14 ./Drivers/STM32F4xx_HAL_Driver/Src/stm32f4xx_hal_tim_ex.o
                0x08005e2c                HAL_TIMEx_BreakCallback
 .text.HAL_UART_Init
                0x08005e40       0xa0 ./Drivers/STM32F4xx_HAL_Driver/Src/stm32f4xx_hal_uart.o
                0x08005e40                HAL_UART_Init
 .text.HAL_UART_IRQHandler
                0x08005ee0      0x554 ./Drivers/STM32F4xx_HAL_Driver/Src/stm32f4xx_hal_uart.o
                0x08005ee0                HAL_UART_IRQHandler
 .text.HAL_UART_TxCpltCallback
                0x08006434       0x14 ./Drivers/STM32F4xx_HAL_Driver/Src/stm32f4xx_hal_uart.o
                0x08006434                HAL_UART_TxCpltCallback
 .text.HAL_UART_RxCpltCallback
                0x08006448       0x14 ./Drivers/STM32F4xx_HAL_Driver/Src/stm32f4xx_hal_uart.o
                0x08006448                HAL_UART_RxCpltCallback
 .text.HAL_UART_ErrorCallback
                0x0800645c       0x14 ./Drivers/STM32F4xx_HAL_Driver/Src/stm32f4xx_hal_uart.o
                0x0800645c                HAL_UART_ErrorCallback
 .text.HAL_UARTEx_RxEventCallback
                0x08006470       0x18 ./Drivers/STM32F4xx_HAL_Driver/Src/stm32f4xx_hal_uart.o
                0x08006470                HAL_UARTEx_RxEventCallback
 .text.UART_EndRxTransfer
                0x08006488       0xc6 ./Drivers/STM32F4xx_HAL_Driver/Src/stm32f4xx_hal_uart.o
 .text.UART_DMAAbortOnError
                0x0800654e       0x22 ./Drivers/STM32F4xx_HAL_Driver/Src/stm32f4xx_hal_uart.o
 .text.UART_Transmit_IT
                0x08006570       0xa0 ./Drivers/STM32F4xx_HAL_Driver/Src/stm32f4xx_hal_uart.o
 .text.UART_EndTransmit_IT
                0x08006610       0x30 ./Drivers/STM32F4xx_HAL_Driver/Src/stm32f4xx_hal_uart.o
 .text.UART_Receive_IT
                0x08006640      0x17c ./Drivers/STM32F4xx_HAL_Driver/Src/stm32f4xx_hal_uart.o
 .text.UART_SetConfig
                0x080067bc      0x4e8 ./Drivers/STM32F4xx_HAL_Driver/Src/stm32f4xx_hal_uart.o
 .text.USB_CoreInit
                0x08006ca4       0xc8 ./Drivers/STM32F4xx_HAL_Driver/Src/stm32f4xx_ll_usb.o
                0x08006ca4                USB_CoreInit
 .text.USB_SetTurnaroundTime
                0x08006d6c      0x144 ./Drivers/STM32F4xx_HAL_Driver/Src/stm32f4xx_ll_usb.o
                0x08006d6c                USB_SetTurnaroundTime
 .text.USB_EnableGlobalInt
                0x08006eb0       0x22 ./Drivers/STM32F4xx_HAL_Driver/Src/stm32f4xx_ll_usb.o
                0x08006eb0                USB_EnableGlobalInt
 .text.USB_DisableGlobalInt
                0x08006ed2       0x22 ./Drivers/STM32F4xx_HAL_Driver/Src/stm32f4xx_ll_usb.o
                0x08006ed2                USB_DisableGlobalInt
 .text.USB_SetCurrentMode
                0x08006ef4       0x98 ./Drivers/STM32F4xx_HAL_Driver/Src/stm32f4xx_ll_usb.o
                0x08006ef4                USB_SetCurrentMode
 .text.USB_DevInit
                0x08006f8c      0x2c8 ./Drivers/STM32F4xx_HAL_Driver/Src/stm32f4xx_ll_usb.o
                0x08006f8c                USB_DevInit
 .text.USB_FlushTxFifo
                0x08007254       0x64 ./Drivers/STM32F4xx_HAL_Driver/Src/stm32f4xx_ll_usb.o
                0x08007254                USB_FlushTxFifo
 .text.USB_FlushRxFifo
                0x080072b8       0x5c ./Drivers/STM32F4xx_HAL_Driver/Src/stm32f4xx_ll_usb.o
                0x080072b8                USB_FlushRxFifo
 .text.USB_SetDevSpeed
                0x08007314       0x32 ./Drivers/STM32F4xx_HAL_Driver/Src/stm32f4xx_ll_usb.o
                0x08007314                USB_SetDevSpeed
 .text.USB_GetDevSpeed
                0x08007346       0x4a ./Drivers/STM32F4xx_HAL_Driver/Src/stm32f4xx_ll_usb.o
                0x08007346                USB_GetDevSpeed
 .text.USB_ActivateEndpoint
                0x08007390      0x10e ./Drivers/STM32F4xx_HAL_Driver/Src/stm32f4xx_ll_usb.o
                0x08007390                USB_ActivateEndpoint
 *fill*         0x0800749e        0x2 
 .text.USB_DeactivateEndpoint
                0x080074a0      0x1b8 ./Drivers/STM32F4xx_HAL_Driver/Src/stm32f4xx_ll_usb.o
                0x080074a0                USB_DeactivateEndpoint
 .text.USB_EPStartXfer
                0x08007658      0x53c ./Drivers/STM32F4xx_HAL_Driver/Src/stm32f4xx_ll_usb.o
                0x08007658                USB_EPStartXfer
 .text.USB_EPStopXfer
                0x08007b94      0x154 ./Drivers/STM32F4xx_HAL_Driver/Src/stm32f4xx_ll_usb.o
                0x08007b94                USB_EPStopXfer
 .text.USB_WritePacket
                0x08007ce8       0x7c ./Drivers/STM32F4xx_HAL_Driver/Src/stm32f4xx_ll_usb.o
                0x08007ce8                USB_WritePacket
 .text.USB_ReadPacket
                0x08007d64       0xb0 ./Drivers/STM32F4xx_HAL_Driver/Src/stm32f4xx_ll_usb.o
                0x08007d64                USB_ReadPacket
 .text.USB_EPSetStall
                0x08007e14       0xdc ./Drivers/STM32F4xx_HAL_Driver/Src/stm32f4xx_ll_usb.o
                0x08007e14                USB_EPSetStall
 .text.USB_EPClearStall
                0x08007ef0       0xcc ./Drivers/STM32F4xx_HAL_Driver/Src/stm32f4xx_ll_usb.o
                0x08007ef0                USB_EPClearStall
 .text.USB_SetDevAddress
                0x08007fbc       0x4c ./Drivers/STM32F4xx_HAL_Driver/Src/stm32f4xx_ll_usb.o
                0x08007fbc                USB_SetDevAddress
 .text.USB_DevConnect
                0x08008008       0x42 ./Drivers/STM32F4xx_HAL_Driver/Src/stm32f4xx_ll_usb.o
                0x08008008                USB_DevConnect
 .text.USB_DevDisconnect
                0x0800804a       0x42 ./Drivers/STM32F4xx_HAL_Driver/Src/stm32f4xx_ll_usb.o
                0x0800804a                USB_DevDisconnect
 .text.USB_ReadInterrupts
                0x0800808c       0x26 ./Drivers/STM32F4xx_HAL_Driver/Src/stm32f4xx_ll_usb.o
                0x0800808c                USB_ReadInterrupts
 .text.USB_ReadDevAllOutEpInterrupt
                0x080080b2       0x34 ./Drivers/STM32F4xx_HAL_Driver/Src/stm32f4xx_ll_usb.o
                0x080080b2                USB_ReadDevAllOutEpInterrupt
 .text.USB_ReadDevAllInEpInterrupt
                0x080080e6       0x34 ./Drivers/STM32F4xx_HAL_Driver/Src/stm32f4xx_ll_usb.o
                0x080080e6                USB_ReadDevAllInEpInterrupt
 .text.USB_ReadDevOutEPInterrupt
                0x0800811a       0x3c ./Drivers/STM32F4xx_HAL_Driver/Src/stm32f4xx_ll_usb.o
                0x0800811a                USB_ReadDevOutEPInterrupt
 .text.USB_ReadDevInEPInterrupt
                0x08008156       0x5c ./Drivers/STM32F4xx_HAL_Driver/Src/stm32f4xx_ll_usb.o
                0x08008156                USB_ReadDevInEPInterrupt
 .text.USB_GetMode
                0x080081b2       0x1c ./Drivers/STM32F4xx_HAL_Driver/Src/stm32f4xx_ll_usb.o
                0x080081b2                USB_GetMode
 .text.USB_ActivateSetup
                0x080081ce       0x46 ./Drivers/STM32F4xx_HAL_Driver/Src/stm32f4xx_ll_usb.o
                0x080081ce                USB_ActivateSetup
 .text.USB_EP0_OutStart
                0x08008214       0xbc ./Drivers/STM32F4xx_HAL_Driver/Src/stm32f4xx_ll_usb.o
                0x08008214                USB_EP0_OutStart
 .text.USB_CoreReset
                0x080082d0       0x70 ./Drivers/STM32F4xx_HAL_Driver/Src/stm32f4xx_ll_usb.o
 .text.USBD_CDC_Init
                0x08008340      0x1f0 ./Middlewares/ST/STM32_USB_Device_Library/Class/CDC/Src/usbd_cdc.o
 .text.USBD_CDC_DeInit
                0x08008530      0x104 ./Middlewares/ST/STM32_USB_Device_Library/Class/CDC/Src/usbd_cdc.o
 .text.USBD_CDC_Setup
                0x08008634      0x1b8 ./Middlewares/ST/STM32_USB_Device_Library/Class/CDC/Src/usbd_cdc.o
 .text.USBD_CDC_DataIn
                0x080087ec       0xfe ./Middlewares/ST/STM32_USB_Device_Library/Class/CDC/Src/usbd_cdc.o
 .text.USBD_CDC_DataOut
                0x080088ea       0x70 ./Middlewares/ST/STM32_USB_Device_Library/Class/CDC/Src/usbd_cdc.o
 .text.USBD_CDC_EP0_RxReady
                0x0800895a       0x74 ./Middlewares/ST/STM32_USB_Device_Library/Class/CDC/Src/usbd_cdc.o
 *fill*         0x080089ce        0x2 
 .text.USBD_CDC_GetFSCfgDesc
                0x080089d0       0x70 ./Middlewares/ST/STM32_USB_Device_Library/Class/CDC/Src/usbd_cdc.o
 .text.USBD_CDC_GetHSCfgDesc
                0x08008a40       0x70 ./Middlewares/ST/STM32_USB_Device_Library/Class/CDC/Src/usbd_cdc.o
 .text.USBD_CDC_GetOtherSpeedCfgDesc
                0x08008ab0       0x70 ./Middlewares/ST/STM32_USB_Device_Library/Class/CDC/Src/usbd_cdc.o
 .text.USBD_CDC_GetDeviceQualifierDescriptor
                0x08008b20       0x20 ./Middlewares/ST/STM32_USB_Device_Library/Class/CDC/Src/usbd_cdc.o
                0x08008b20                USBD_CDC_GetDeviceQualifierDescriptor
 .text.USBD_CDC_RegisterInterface
                0x08008b40       0x34 ./Middlewares/ST/STM32_USB_Device_Library/Class/CDC/Src/usbd_cdc.o
                0x08008b40                USBD_CDC_RegisterInterface
 .text.USBD_CDC_SetTxBuffer
                0x08008b74       0x44 ./Middlewares/ST/STM32_USB_Device_Library/Class/CDC/Src/usbd_cdc.o
                0x08008b74                USBD_CDC_SetTxBuffer
 .text.USBD_CDC_SetRxBuffer
                0x08008bb8       0x3a ./Middlewares/ST/STM32_USB_Device_Library/Class/CDC/Src/usbd_cdc.o
                0x08008bb8                USBD_CDC_SetRxBuffer
 *fill*         0x08008bf2        0x2 
 .text.USBD_CDC_TransmitPacket
                0x08008bf4       0x80 ./Middlewares/ST/STM32_USB_Device_Library/Class/CDC/Src/usbd_cdc.o
                0x08008bf4                USBD_CDC_TransmitPacket
 .text.USBD_CDC_ReceivePacket
                0x08008c74       0x6c ./Middlewares/ST/STM32_USB_Device_Library/Class/CDC/Src/usbd_cdc.o
                0x08008c74                USBD_CDC_ReceivePacket
 .text.USBD_Init
                0x08008ce0       0x60 ./Middlewares/ST/STM32_USB_Device_Library/Core/Src/usbd_core.o
                0x08008ce0                USBD_Init
 .text.USBD_RegisterClass
                0x08008d40       0x6c ./Middlewares/ST/STM32_USB_Device_Library/Core/Src/usbd_core.o
                0x08008d40                USBD_RegisterClass
 .text.USBD_Start
                0x08008dac       0x18 ./Middlewares/ST/STM32_USB_Device_Library/Core/Src/usbd_core.o
                0x08008dac                USBD_Start
 .text.USBD_RunTestMode
                0x08008dc4       0x16 ./Middlewares/ST/STM32_USB_Device_Library/Core/Src/usbd_core.o
                0x08008dc4                USBD_RunTestMode
 .text.USBD_SetClassConfig
                0x08008dda       0x38 ./Middlewares/ST/STM32_USB_Device_Library/Core/Src/usbd_core.o
                0x08008dda                USBD_SetClassConfig
 .text.USBD_ClrClassConfig
                0x08008e12       0x34 ./Middlewares/ST/STM32_USB_Device_Library/Core/Src/usbd_core.o
                0x08008e12                USBD_ClrClassConfig
 .text.USBD_LL_SetupStage
                0x08008e46       0xaa ./Middlewares/ST/STM32_USB_Device_Library/Core/Src/usbd_core.o
                0x08008e46                USBD_LL_SetupStage
 .text.USBD_LL_DataOutStage
                0x08008ef0      0x178 ./Middlewares/ST/STM32_USB_Device_Library/Core/Src/usbd_core.o
                0x08008ef0                USBD_LL_DataOutStage
 .text.USBD_LL_DataInStage
                0x08009068      0x176 ./Middlewares/ST/STM32_USB_Device_Library/Core/Src/usbd_core.o
                0x08009068                USBD_LL_DataInStage
 .text.USBD_LL_Reset
                0x080091de       0xa6 ./Middlewares/ST/STM32_USB_Device_Library/Core/Src/usbd_core.o
                0x080091de                USBD_LL_Reset
 .text.USBD_LL_SetSpeed
                0x08009284       0x20 ./Middlewares/ST/STM32_USB_Device_Library/Core/Src/usbd_core.o
                0x08009284                USBD_LL_SetSpeed
 .text.USBD_LL_Suspend
                0x080092a4       0x38 ./Middlewares/ST/STM32_USB_Device_Library/Core/Src/usbd_core.o
                0x080092a4                USBD_LL_Suspend
 .text.USBD_LL_Resume
                0x080092dc       0x30 ./Middlewares/ST/STM32_USB_Device_Library/Core/Src/usbd_core.o
                0x080092dc                USBD_LL_Resume
 .text.USBD_LL_SOF
                0x0800930c       0x40 ./Middlewares/ST/STM32_USB_Device_Library/Core/Src/usbd_core.o
                0x0800930c                USBD_LL_SOF
 .text.USBD_LL_IsoINIncomplete
                0x0800934c       0x64 ./Middlewares/ST/STM32_USB_Device_Library/Core/Src/usbd_core.o
                0x0800934c                USBD_LL_IsoINIncomplete
 .text.USBD_LL_IsoOUTIncomplete
                0x080093b0       0x64 ./Middlewares/ST/STM32_USB_Device_Library/Core/Src/usbd_core.o
                0x080093b0                USBD_LL_IsoOUTIncomplete
 .text.USBD_LL_DevConnected
                0x08009414       0x16 ./Middlewares/ST/STM32_USB_Device_Library/Core/Src/usbd_core.o
                0x08009414                USBD_LL_DevConnected
 .text.USBD_LL_DevDisconnected
                0x0800942a       0x46 ./Middlewares/ST/STM32_USB_Device_Library/Core/Src/usbd_core.o
                0x0800942a                USBD_LL_DevDisconnected
 .text.USBD_CoreFindIF
                0x08009470       0x1a ./Middlewares/ST/STM32_USB_Device_Library/Core/Src/usbd_core.o
                0x08009470                USBD_CoreFindIF
 .text.USBD_CoreFindEP
                0x0800948a       0x1a ./Middlewares/ST/STM32_USB_Device_Library/Core/Src/usbd_core.o
                0x0800948a                USBD_CoreFindEP
 .text.USBD_GetEpDesc
                0x080094a4       0x70 ./Middlewares/ST/STM32_USB_Device_Library/Core/Src/usbd_core.o
                0x080094a4                USBD_GetEpDesc
 .text.USBD_GetNextDesc
                0x08009514       0x38 ./Middlewares/ST/STM32_USB_Device_Library/Core/Src/usbd_core.o
                0x08009514                USBD_GetNextDesc
 .text.SWAPBYTE
                0x0800954c       0x3e ./Middlewares/ST/STM32_USB_Device_Library/Core/Src/usbd_ctlreq.o
 *fill*         0x0800958a        0x2 
 .text.USBD_StdDevReq
                0x0800958c       0xe4 ./Middlewares/ST/STM32_USB_Device_Library/Core/Src/usbd_ctlreq.o
                0x0800958c                USBD_StdDevReq
 .text.USBD_StdItfReq
                0x08009670       0xd8 ./Middlewares/ST/STM32_USB_Device_Library/Core/Src/usbd_ctlreq.o
                0x08009670                USBD_StdItfReq
 .text.USBD_StdEPReq
                0x08009748      0x33e ./Middlewares/ST/STM32_USB_Device_Library/Core/Src/usbd_ctlreq.o
                0x08009748                USBD_StdEPReq
 *fill*         0x08009a86        0x2 
 .text.USBD_GetDescriptor
                0x08009a88      0x2d4 ./Middlewares/ST/STM32_USB_Device_Library/Core/Src/usbd_ctlreq.o
 .text.USBD_SetAddress
                0x08009d5c       0x88 ./Middlewares/ST/STM32_USB_Device_Library/Core/Src/usbd_ctlreq.o
 .text.USBD_SetConfig
                0x08009de4      0x154 ./Middlewares/ST/STM32_USB_Device_Library/Core/Src/usbd_ctlreq.o
 .text.USBD_GetConfig
                0x08009f38       0x6c ./Middlewares/ST/STM32_USB_Device_Library/Core/Src/usbd_ctlreq.o
 .text.USBD_GetStatus
                0x08009fa4       0x68 ./Middlewares/ST/STM32_USB_Device_Library/Core/Src/usbd_ctlreq.o
 .text.USBD_SetFeature
                0x0800a00c       0x52 ./Middlewares/ST/STM32_USB_Device_Library/Core/Src/usbd_ctlreq.o
 .text.USBD_ClrFeature
                0x0800a05e       0x44 ./Middlewares/ST/STM32_USB_Device_Library/Core/Src/usbd_ctlreq.o
 .text.USBD_ParseSetupRequest
                0x0800a0a2       0x74 ./Middlewares/ST/STM32_USB_Device_Library/Core/Src/usbd_ctlreq.o
                0x0800a0a2                USBD_ParseSetupRequest
 .text.USBD_CtlError
                0x0800a116       0x22 ./Middlewares/ST/STM32_USB_Device_Library/Core/Src/usbd_ctlreq.o
                0x0800a116                USBD_CtlError
 .text.USBD_GetString
                0x0800a138       0xa4 ./Middlewares/ST/STM32_USB_Device_Library/Core/Src/usbd_ctlreq.o
                0x0800a138                USBD_GetString
 .text.USBD_GetLen
                0x0800a1dc       0x34 ./Middlewares/ST/STM32_USB_Device_Library/Core/Src/usbd_ctlreq.o
 .text.USBD_CtlSendData
                0x0800a210       0x3c ./Middlewares/ST/STM32_USB_Device_Library/Core/Src/usbd_ioreq.o
                0x0800a210                USBD_CtlSendData
 .text.USBD_CtlContinueSendData
                0x0800a24c       0x22 ./Middlewares/ST/STM32_USB_Device_Library/Core/Src/usbd_ioreq.o
                0x0800a24c                USBD_CtlContinueSendData
 .text.USBD_CtlPrepareRx
                0x0800a26e       0x42 ./Middlewares/ST/STM32_USB_Device_Library/Core/Src/usbd_ioreq.o
                0x0800a26e                USBD_CtlPrepareRx
 .text.USBD_CtlContinueRx
                0x0800a2b0       0x22 ./Middlewares/ST/STM32_USB_Device_Library/Core/Src/usbd_ioreq.o
                0x0800a2b0                USBD_CtlContinueRx
 .text.USBD_CtlSendStatus
                0x0800a2d2       0x26 ./Middlewares/ST/STM32_USB_Device_Library/Core/Src/usbd_ioreq.o
                0x0800a2d2                USBD_CtlSendStatus
 .text.USBD_CtlReceiveStatus
                0x0800a2f8       0x26 ./Middlewares/ST/STM32_USB_Device_Library/Core/Src/usbd_ioreq.o
                0x0800a2f8                USBD_CtlReceiveStatus
 *fill*         0x0800a31e        0x2 
 .text.MX_USB_DEVICE_Init
                0x0800a320       0x60 ./USB_DEVICE/App/usb_device.o
                0x0800a320                MX_USB_DEVICE_Init
 .text.CDC_Init_FS
                0x0800a380       0x28 ./USB_DEVICE/App/usbd_cdc_if.o
 .text.CDC_DeInit_FS
                0x0800a3a8       0x10 ./USB_DEVICE/App/usbd_cdc_if.o
 .text.CDC_Control_FS
                0x0800a3b8       0xbc ./USB_DEVICE/App/usbd_cdc_if.o
 .text.CDC_Receive_FS
                0x0800a474       0x28 ./USB_DEVICE/App/usbd_cdc_if.o
 .text.CDC_Transmit_FS
                0x0800a49c       0x4c ./USB_DEVICE/App/usbd_cdc_if.o
                0x0800a49c                CDC_Transmit_FS
 .text.CDC_TransmitCplt_FS
                0x0800a4e8       0x22 ./USB_DEVICE/App/usbd_cdc_if.o
 *fill*         0x0800a50a        0x2 
 .text.USBD_FS_DeviceDescriptor
                0x0800a50c       0x24 ./USB_DEVICE/App/usbd_desc.o
                0x0800a50c                USBD_FS_DeviceDescriptor
 .text.USBD_FS_LangIDStrDescriptor
                0x0800a530       0x24 ./USB_DEVICE/App/usbd_desc.o
                0x0800a530                USBD_FS_LangIDStrDescriptor
 .text.USBD_FS_ProductStrDescriptor
                0x0800a554       0x3c ./USB_DEVICE/App/usbd_desc.o
                0x0800a554                USBD_FS_ProductStrDescriptor
 .text.USBD_FS_ManufacturerStrDescriptor
                0x0800a590       0x28 ./USB_DEVICE/App/usbd_desc.o
                0x0800a590                USBD_FS_ManufacturerStrDescriptor
 .text.USBD_FS_SerialStrDescriptor
                0x0800a5b8       0x24 ./USB_DEVICE/App/usbd_desc.o
                0x0800a5b8                USBD_FS_SerialStrDescriptor
 .text.USBD_FS_ConfigStrDescriptor
                0x0800a5dc       0x3c ./USB_DEVICE/App/usbd_desc.o
                0x0800a5dc                USBD_FS_ConfigStrDescriptor
 .text.USBD_FS_InterfaceStrDescriptor
                0x0800a618       0x3c ./USB_DEVICE/App/usbd_desc.o
                0x0800a618                USBD_FS_InterfaceStrDescriptor
 .text.Get_SerialNum
                0x0800a654       0x58 ./USB_DEVICE/App/usbd_desc.o
 .text.IntToUnicode
                0x0800a6ac       0x7e ./USB_DEVICE/App/usbd_desc.o
 *fill*         0x0800a72a        0x2 
 .text.HAL_PCD_MspInit
                0x0800a72c       0xc4 ./USB_DEVICE/Target/usbd_conf.o
                0x0800a72c                HAL_PCD_MspInit
 .text.HAL_PCD_SetupStageCallback
                0x0800a7f0       0x24 ./USB_DEVICE/Target/usbd_conf.o
                0x0800a7f0                HAL_PCD_SetupStageCallback
 .text.HAL_PCD_DataOutStageCallback
                0x0800a814       0x36 ./USB_DEVICE/Target/usbd_conf.o
                0x0800a814                HAL_PCD_DataOutStageCallback
 .text.HAL_PCD_DataInStageCallback
                0x0800a84a       0x34 ./USB_DEVICE/Target/usbd_conf.o
                0x0800a84a                HAL_PCD_DataInStageCallback
 .text.HAL_PCD_SOFCallback
                0x0800a87e       0x1c ./USB_DEVICE/Target/usbd_conf.o
                0x0800a87e                HAL_PCD_SOFCallback
 .text.HAL_PCD_ResetCallback
                0x0800a89a       0x50 ./USB_DEVICE/Target/usbd_conf.o
                0x0800a89a                HAL_PCD_ResetCallback
 *fill*         0x0800a8ea        0x2 
 .text.HAL_PCD_SuspendCallback
                0x0800a8ec       0x4c ./USB_DEVICE/Target/usbd_conf.o
                0x0800a8ec                HAL_PCD_SuspendCallback
 .text.HAL_PCD_ResumeCallback
                0x0800a938       0x1c ./USB_DEVICE/Target/usbd_conf.o
                0x0800a938                HAL_PCD_ResumeCallback
 .text.HAL_PCD_ISOOUTIncompleteCallback
                0x0800a954       0x24 ./USB_DEVICE/Target/usbd_conf.o
                0x0800a954                HAL_PCD_ISOOUTIncompleteCallback
 .text.HAL_PCD_ISOINIncompleteCallback
                0x0800a978       0x24 ./USB_DEVICE/Target/usbd_conf.o
                0x0800a978                HAL_PCD_ISOINIncompleteCallback
 .text.HAL_PCD_ConnectCallback
                0x0800a99c       0x1c ./USB_DEVICE/Target/usbd_conf.o
                0x0800a99c                HAL_PCD_ConnectCallback
 .text.HAL_PCD_DisconnectCallback
                0x0800a9b8       0x1c ./USB_DEVICE/Target/usbd_conf.o
                0x0800a9b8                HAL_PCD_DisconnectCallback
 .text.USBD_LL_Init
                0x0800a9d4       0x98 ./USB_DEVICE/Target/usbd_conf.o
                0x0800a9d4                USBD_LL_Init
 .text.USBD_LL_Start
                0x0800aa6c       0x36 ./USB_DEVICE/Target/usbd_conf.o
                0x0800aa6c                USBD_LL_Start
 .text.USBD_LL_OpenEP
                0x0800aaa2       0x4c ./USB_DEVICE/Target/usbd_conf.o
                0x0800aaa2                USBD_LL_OpenEP
 .text.USBD_LL_CloseEP
                0x0800aaee       0x3e ./USB_DEVICE/Target/usbd_conf.o
                0x0800aaee                USBD_LL_CloseEP
 .text.USBD_LL_StallEP
                0x0800ab2c       0x3e ./USB_DEVICE/Target/usbd_conf.o
                0x0800ab2c                USBD_LL_StallEP
 .text.USBD_LL_ClearStallEP
                0x0800ab6a       0x3e ./USB_DEVICE/Target/usbd_conf.o
                0x0800ab6a                USBD_LL_ClearStallEP
 .text.USBD_LL_IsStallEP
                0x0800aba8       0x58 ./USB_DEVICE/Target/usbd_conf.o
                0x0800aba8                USBD_LL_IsStallEP
 .text.USBD_LL_SetUSBAddress
                0x0800ac00       0x3e ./USB_DEVICE/Target/usbd_conf.o
                0x0800ac00                USBD_LL_SetUSBAddress
 .text.USBD_LL_Transmit
                0x0800ac3e       0x42 ./USB_DEVICE/Target/usbd_conf.o
                0x0800ac3e                USBD_LL_Transmit
 .text.USBD_LL_PrepareReceive
                0x0800ac80       0x42 ./USB_DEVICE/Target/usbd_conf.o
                0x0800ac80                USBD_LL_PrepareReceive
 .text.USBD_LL_GetRxDataSize
                0x0800acc2       0x26 ./USB_DEVICE/Target/usbd_conf.o
                0x0800acc2                USBD_LL_GetRxDataSize
 .text.USBD_static_malloc
                0x0800ace8       0x1c ./USB_DEVICE/Target/usbd_conf.o
                0x0800ace8                USBD_static_malloc
 .text.USBD_static_free
                0x0800ad04       0x14 ./USB_DEVICE/Target/usbd_conf.o
                0x0800ad04                USBD_static_free
 .text.USBD_Get_USB_Status
                0x0800ad18       0x58 ./USB_DEVICE/Target/usbd_conf.o
                0x0800ad18                USBD_Get_USB_Status
 .text.memset   0x0800ad70       0x10 D:/STM32CubeIDE_1.19.0/STM32CubeIDE/plugins/com.st.stm32cube.ide.mcu.externaltools.gnu-tools-for-stm32.13.3.rel1.win32_1.0.0.202411081344/tools/bin/../lib/gcc/arm-none-eabi/13.3.1/../../../../arm-none-eabi/lib/thumb/v7e-m+fp/hard\libc_nano.a(libc_a-memset.o)
                0x0800ad70                memset
 .text.__libc_init_array
                0x0800ad80       0x48 D:/STM32CubeIDE_1.19.0/STM32CubeIDE/plugins/com.st.stm32cube.ide.mcu.externaltools.gnu-tools-for-stm32.13.3.rel1.win32_1.0.0.202411081344/tools/bin/../lib/gcc/arm-none-eabi/13.3.1/../../../../arm-none-eabi/lib/thumb/v7e-m+fp/hard\libc_nano.a(libc_a-init.o)
                0x0800ad80                __libc_init_array
 *(.glue_7)
 .glue_7        0x0800adc8        0x0 linker stubs
 *(.glue_7t)
 .glue_7t       0x0800adc8        0x0 linker stubs
 *(.eh_frame)
 .eh_frame      0x0800adc8        0x0 D:/STM32CubeIDE_1.19.0/STM32CubeIDE/plugins/com.st.stm32cube.ide.mcu.externaltools.gnu-tools-for-stm32.13.3.rel1.win32_1.0.0.202411081344/tools/bin/../lib/gcc/arm-none-eabi/13.3.1/thumb/v7e-m+fp/hard/crtbegin.o
 *(.init)
 .init          0x0800adc8        0x4 D:/STM32CubeIDE_1.19.0/STM32CubeIDE/plugins/com.st.stm32cube.ide.mcu.externaltools.gnu-tools-for-stm32.13.3.rel1.win32_1.0.0.202411081344/tools/bin/../lib/gcc/arm-none-eabi/13.3.1/thumb/v7e-m+fp/hard/crti.o
                0x0800adc8                _init
 .init          0x0800adcc        0x8 D:/STM32CubeIDE_1.19.0/STM32CubeIDE/plugins/com.st.stm32cube.ide.mcu.externaltools.gnu-tools-for-stm32.13.3.rel1.win32_1.0.0.202411081344/tools/bin/../lib/gcc/arm-none-eabi/13.3.1/thumb/v7e-m+fp/hard/crtn.o
 *(.fini)
 .fini          0x0800add4        0x4 D:/STM32CubeIDE_1.19.0/STM32CubeIDE/plugins/com.st.stm32cube.ide.mcu.externaltools.gnu-tools-for-stm32.13.3.rel1.win32_1.0.0.202411081344/tools/bin/../lib/gcc/arm-none-eabi/13.3.1/thumb/v7e-m+fp/hard/crti.o
                0x0800add4                _fini
 .fini          0x0800add8        0x8 D:/STM32CubeIDE_1.19.0/STM32CubeIDE/plugins/com.st.stm32cube.ide.mcu.externaltools.gnu-tools-for-stm32.13.3.rel1.win32_1.0.0.202411081344/tools/bin/../lib/gcc/arm-none-eabi/13.3.1/thumb/v7e-m+fp/hard/crtn.o
                0x0800ade0                        . = ALIGN (0x4)
                0x0800ade0                        _etext = .

.vfp11_veneer   0x0800ade0        0x0
 .vfp11_veneer  0x0800ade0        0x0 linker stubs

.v4_bx          0x0800ade0        0x0
 .v4_bx         0x0800ade0        0x0 linker stubs

.iplt           0x0800ade0        0x0
 .iplt          0x0800ade0        0x0 D:/STM32CubeIDE_1.19.0/STM32CubeIDE/plugins/com.st.stm32cube.ide.mcu.externaltools.gnu-tools-for-stm32.13.3.rel1.win32_1.0.0.202411081344/tools/bin/../lib/gcc/arm-none-eabi/13.3.1/thumb/v7e-m+fp/hard/crtbegin.o

.rodata         0x0800ade0       0x68
                0x0800ade0                        . = ALIGN (0x4)
 *(.rodata)
 .rodata        0x0800ade0       0x46 ./USB_DEVICE/App/usbd_desc.o
 *(.rodata*)
 *fill*         0x0800ae26        0x2 
 .rodata.AHBPrescTable
                0x0800ae28       0x10 ./Core/Src/system_stm32f4xx.o
                0x0800ae28                AHBPrescTable
 .rodata.APBPrescTable
                0x0800ae38        0x8 ./Core/Src/system_stm32f4xx.o
                0x0800ae38                APBPrescTable
 .rodata.flagBitshiftOffset.0
                0x0800ae40        0x8 ./Drivers/STM32F4xx_HAL_Driver/Src/stm32f4xx_hal_dma.o
                0x0800ae48                        . = ALIGN (0x4)

.ARM.extab      0x0800ae48        0x0
                0x0800ae48                        . = ALIGN (0x4)
 *(.ARM.extab* .gnu.linkonce.armextab.*)
                0x0800ae48                        . = ALIGN (0x4)

.ARM            0x0800ae48        0x8
                0x0800ae48                        . = ALIGN (0x4)
                0x0800ae48                        __exidx_start = .
 *(.ARM.exidx*)
 .ARM.exidx     0x0800ae48        0x8 D:/STM32CubeIDE_1.19.0/STM32CubeIDE/plugins/com.st.stm32cube.ide.mcu.externaltools.gnu-tools-for-stm32.13.3.rel1.win32_1.0.0.202411081344/tools/bin/../lib/gcc/arm-none-eabi/13.3.1/thumb/v7e-m+fp/hard\libgcc.a(_udivmoddi4.o)
                0x0800ae50                        __exidx_end = .
                0x0800ae50                        . = ALIGN (0x4)

.preinit_array  0x0800ae50        0x0
                0x0800ae50                        . = ALIGN (0x4)
                0x0800ae50                        PROVIDE (__preinit_array_start = .)
 *(.preinit_array*)
                0x0800ae50                        PROVIDE (__preinit_array_end = .)
                0x0800ae50                        . = ALIGN (0x4)

.init_array     0x0800ae50        0x4
                0x0800ae50                        . = ALIGN (0x4)
                0x0800ae50                        PROVIDE (__init_array_start = .)
 *(SORT_BY_NAME(.init_array.*))
 *(.init_array*)
 .init_array    0x0800ae50        0x4 D:/STM32CubeIDE_1.19.0/STM32CubeIDE/plugins/com.st.stm32cube.ide.mcu.externaltools.gnu-tools-for-stm32.13.3.rel1.win32_1.0.0.202411081344/tools/bin/../lib/gcc/arm-none-eabi/13.3.1/thumb/v7e-m+fp/hard/crtbegin.o
                0x0800ae54                        PROVIDE (__init_array_end = .)
                0x0800ae54                        . = ALIGN (0x4)

.fini_array     0x0800ae54        0x4
                0x0800ae54                        . = ALIGN (0x4)
                [!provide]                        PROVIDE (__fini_array_start = .)
 *(SORT_BY_NAME(.fini_array.*))
 *(.fini_array*)
 .fini_array    0x0800ae54        0x4 D:/STM32CubeIDE_1.19.0/STM32CubeIDE/plugins/com.st.stm32cube.ide.mcu.externaltools.gnu-tools-for-stm32.13.3.rel1.win32_1.0.0.202411081344/tools/bin/../lib/gcc/arm-none-eabi/13.3.1/thumb/v7e-m+fp/hard/crtbegin.o
                [!provide]                        PROVIDE (__fini_array_end = .)
                0x0800ae58                        . = ALIGN (0x4)
                0x0800ae58                        _sidata = LOADADDR (.data)

.rel.dyn        0x0800ae58        0x0
 .rel.iplt      0x0800ae58        0x0 D:/STM32CubeIDE_1.19.0/STM32CubeIDE/plugins/com.st.stm32cube.ide.mcu.externaltools.gnu-tools-for-stm32.13.3.rel1.win32_1.0.0.202411081344/tools/bin/../lib/gcc/arm-none-eabi/13.3.1/thumb/v7e-m+fp/hard/crtbegin.o

.data           0x20000000       0xfc load address 0x0800ae58
                0x20000000                        . = ALIGN (0x4)
                0x20000000                        _sdata = .
 *(.data)
 *(.data*)
 .data.SystemCoreClock
                0x20000000        0x4 ./Core/Src/system_stm32f4xx.o
                0x20000000                SystemCoreClock
 .data.uwTickPrio
                0x20000004        0x4 ./Drivers/STM32F4xx_HAL_Driver/Src/stm32f4xx_hal.o
                0x20000004                uwTickPrio
 .data.uwTickFreq
                0x20000008        0x1 ./Drivers/STM32F4xx_HAL_Driver/Src/stm32f4xx_hal.o
                0x20000008                uwTickFreq
 *fill*         0x20000009        0x3 
 .data.USBD_CDC_DeviceQualifierDesc
                0x2000000c        0xa ./Middlewares/ST/STM32_USB_Device_Library/Class/CDC/Src/usbd_cdc.o
 *fill*         0x20000016        0x2 
 .data.USBD_CDC
                0x20000018       0x38 ./Middlewares/ST/STM32_USB_Device_Library/Class/CDC/Src/usbd_cdc.o
                0x20000018                USBD_CDC
 .data.USBD_CDC_CfgDesc
                0x20000050       0x43 ./Middlewares/ST/STM32_USB_Device_Library/Class/CDC/Src/usbd_cdc.o
 .data.CDCInEpAdd
                0x20000093        0x1 ./Middlewares/ST/STM32_USB_Device_Library/Class/CDC/Src/usbd_cdc.o
 .data.CDCOutEpAdd
                0x20000094        0x1 ./Middlewares/ST/STM32_USB_Device_Library/Class/CDC/Src/usbd_cdc.o
 .data.CDCCmdEpAdd
                0x20000095        0x1 ./Middlewares/ST/STM32_USB_Device_Library/Class/CDC/Src/usbd_cdc.o
 *fill*         0x20000096        0x2 
 .data.USBD_Interface_fops_FS
                0x20000098       0x14 ./USB_DEVICE/App/usbd_cdc_if.o
                0x20000098                USBD_Interface_fops_FS
 .data.FS_Desc  0x200000ac       0x1c ./USB_DEVICE/App/usbd_desc.o
                0x200000ac                FS_Desc
 .data.USBD_FS_DeviceDesc
                0x200000c8       0x12 ./USB_DEVICE/App/usbd_desc.o
                0x200000c8                USBD_FS_DeviceDesc
 *fill*         0x200000da        0x2 
 .data.USBD_LangIDDesc
                0x200000dc        0x4 ./USB_DEVICE/App/usbd_desc.o
                0x200000dc                USBD_LangIDDesc
 .data.USBD_StringSerial
                0x200000e0       0x1a ./USB_DEVICE/App/usbd_desc.o
                0x200000e0                USBD_StringSerial
 *(.RamFunc)
 *(.RamFunc*)
                0x200000fc                        . = ALIGN (0x4)
 *fill*         0x200000fa        0x2 
                0x200000fc                        _edata = .
                0x0800af54                        _siccmram = LOADADDR (.ccmram)

.igot.plt       0x200000fc        0x0 load address 0x0800af54
 .igot.plt      0x200000fc        0x0 D:/STM32CubeIDE_1.19.0/STM32CubeIDE/plugins/com.st.stm32cube.ide.mcu.externaltools.gnu-tools-for-stm32.13.3.rel1.win32_1.0.0.202411081344/tools/bin/../lib/gcc/arm-none-eabi/13.3.1/thumb/v7e-m+fp/hard/crtbegin.o

.ccmram         0x10000000        0x0 load address 0x0800af54
                0x10000000                        . = ALIGN (0x4)
                0x10000000                        _sccmram = .
 *(.ccmram)
 *(.ccmram*)
                0x10000000                        . = ALIGN (0x4)
                0x10000000                        _eccmram = .
                0x10000000                        . = ALIGN (0x4)

.bss            0x200000fc     0x2234
                0x200000fc                        _sbss = .
                0x200000fc                        __bss_start__ = _sbss
 *(.bss)
 .bss           0x200000fc       0x1c D:/STM32CubeIDE_1.19.0/STM32CubeIDE/plugins/com.st.stm32cube.ide.mcu.externaltools.gnu-tools-for-stm32.13.3.rel1.win32_1.0.0.202411081344/tools/bin/../lib/gcc/arm-none-eabi/13.3.1/thumb/v7e-m+fp/hard/crtbegin.o
 *(.bss*)
 .bss.hadc1     0x20000118       0x48 ./Core/Src/main.o
                0x20000118                hadc1
 .bss.hdma_adc1
                0x20000160       0x60 ./Core/Src/main.o
                0x20000160                hdma_adc1
 .bss.hi2c1     0x200001c0       0x54 ./Core/Src/main.o
                0x200001c0                hi2c1
 .bss.hi2s3     0x20000214       0x48 ./Core/Src/main.o
                0x20000214                hi2s3
 .bss.hspi1     0x2000025c       0x58 ./Core/Src/main.o
                0x2000025c                hspi1
 .bss.htim2     0x200002b4       0x48 ./Core/Src/main.o
                0x200002b4                htim2
 .bss.huart2    0x200002fc       0x48 ./Core/Src/main.o
                0x200002fc                huart2
 .bss.adc_buf   0x20000344      0x400 ./Core/Src/main.o
                0x20000344                adc_buf
 .bss.full_ready
                0x20000744        0x1 ./Core/Src/main.o
                0x20000744                full_ready
 .bss.half_ready
                0x20000745        0x1 ./Core/Src/main.o
                0x20000745                half_ready
 *fill*         0x20000746        0x2 
 .bss.uwTick    0x20000748        0x4 ./Drivers/STM32F4xx_HAL_Driver/Src/stm32f4xx_hal.o
                0x20000748                uwTick
 .bss.cfgidx.0  0x2000074c        0x1 ./Middlewares/ST/STM32_USB_Device_Library/Core/Src/usbd_ctlreq.o
 *fill*         0x2000074d        0x3 
 .bss.hUsbDeviceFS
                0x20000750      0x2dc ./USB_DEVICE/App/usb_device.o
                0x20000750                hUsbDeviceFS
 .bss.UserRxBufferFS
                0x20000a2c      0x800 ./USB_DEVICE/App/usbd_cdc_if.o
                0x20000a2c                UserRxBufferFS
 .bss.UserTxBufferFS
                0x2000122c      0x800 ./USB_DEVICE/App/usbd_cdc_if.o
                0x2000122c                UserTxBufferFS
 .bss.USBD_StrDesc
                0x20001a2c      0x200 ./USB_DEVICE/App/usbd_desc.o
                0x20001a2c                USBD_StrDesc
 .bss.hpcd_USB_OTG_FS
                0x20001c2c      0x4e4 ./USB_DEVICE/Target/usbd_conf.o
                0x20001c2c                hpcd_USB_OTG_FS
 .bss.mem.0     0x20002110      0x220 ./USB_DEVICE/Target/usbd_conf.o
 *(COMMON)
                0x20002330                        . = ALIGN (0x4)
                0x20002330                        _ebss = .
                0x20002330                        __bss_end__ = _ebss

._user_heap_stack
                0x20002330      0x600
                0x20002330                        . = ALIGN (0x8)
                [!provide]                        PROVIDE (end = .)
                0x20002330                        PROVIDE (_end = .)
                0x20002530                        . = (. + _Min_Heap_Size)
 *fill*         0x20002330      0x200 
                0x20002930                        . = (. + _Min_Stack_Size)
 *fill*         0x20002530      0x400 
                0x20002930                        . = ALIGN (0x8)

/DISCARD/
 libc.a(*)
 libm.a(*)
 libgcc.a(*)

.ARM.attributes
                0x00000000       0x30
 *(.ARM.attributes)
 .ARM.attributes
                0x00000000       0x22 D:/STM32CubeIDE_1.19.0/STM32CubeIDE/plugins/com.st.stm32cube.ide.mcu.externaltools.gnu-tools-for-stm32.13.3.rel1.win32_1.0.0.202411081344/tools/bin/../lib/gcc/arm-none-eabi/13.3.1/thumb/v7e-m+fp/hard/crti.o
 .ARM.attributes
                0x00000022       0x34 D:/STM32CubeIDE_1.19.0/STM32CubeIDE/plugins/com.st.stm32cube.ide.mcu.externaltools.gnu-tools-for-stm32.13.3.rel1.win32_1.0.0.202411081344/tools/bin/../lib/gcc/arm-none-eabi/13.3.1/thumb/v7e-m+fp/hard/crtbegin.o
 .ARM.attributes
                0x00000056       0x34 ./Core/Src/main.o
 .ARM.attributes
                0x0000008a       0x34 ./Core/Src/stm32f4xx_hal_msp.o
 .ARM.attributes
                0x000000be       0x34 ./Core/Src/stm32f4xx_it.o
 .ARM.attributes
                0x000000f2       0x34 ./Core/Src/system_stm32f4xx.o
 .ARM.attributes
                0x00000126       0x21 ./Core/Startup/startup_stm32f407vgtx.o
 .ARM.attributes
                0x00000147       0x34 ./Drivers/STM32F4xx_HAL_Driver/Src/stm32f4xx_hal.o
 .ARM.attributes
                0x0000017b       0x34 ./Drivers/STM32F4xx_HAL_Driver/Src/stm32f4xx_hal_adc.o
 .ARM.attributes
                0x000001af       0x34 ./Drivers/STM32F4xx_HAL_Driver/Src/stm32f4xx_hal_cortex.o
 .ARM.attributes
                0x000001e3       0x34 ./Drivers/STM32F4xx_HAL_Driver/Src/stm32f4xx_hal_dma.o
 .ARM.attributes
                0x00000217       0x34 ./Drivers/STM32F4xx_HAL_Driver/Src/stm32f4xx_hal_gpio.o
 .ARM.attributes
                0x0000024b       0x34 ./Drivers/STM32F4xx_HAL_Driver/Src/stm32f4xx_hal_i2c.o
 .ARM.attributes
                0x0000027f       0x34 ./Drivers/STM32F4xx_HAL_Driver/Src/stm32f4xx_hal_i2s.o
 .ARM.attributes
                0x000002b3       0x34 ./Drivers/STM32F4xx_HAL_Driver/Src/stm32f4xx_hal_i2s_ex.o
 .ARM.attributes
                0x000002e7       0x34 ./Drivers/STM32F4xx_HAL_Driver/Src/stm32f4xx_hal_pcd.o
 .ARM.attributes
                0x0000031b       0x34 ./Drivers/STM32F4xx_HAL_Driver/Src/stm32f4xx_hal_pcd_ex.o
 .ARM.attributes
                0x0000034f       0x34 ./Drivers/STM32F4xx_HAL_Driver/Src/stm32f4xx_hal_rcc.o
 .ARM.attributes
                0x00000383       0x34 ./Drivers/STM32F4xx_HAL_Driver/Src/stm32f4xx_hal_rcc_ex.o
 .ARM.attributes
                0x000003b7       0x34 ./Drivers/STM32F4xx_HAL_Driver/Src/stm32f4xx_hal_spi.o
 .ARM.attributes
                0x000003eb       0x34 ./Drivers/STM32F4xx_HAL_Driver/Src/stm32f4xx_hal_tim.o
 .ARM.attributes
                0x0000041f       0x34 ./Drivers/STM32F4xx_HAL_Driver/Src/stm32f4xx_hal_tim_ex.o
 .ARM.attributes
                0x00000453       0x34 ./Drivers/STM32F4xx_HAL_Driver/Src/stm32f4xx_hal_uart.o
 .ARM.attributes
                0x00000487       0x34 ./Drivers/STM32F4xx_HAL_Driver/Src/stm32f4xx_ll_usb.o
 .ARM.attributes
                0x000004bb       0x34 ./Middlewares/ST/STM32_USB_Device_Library/Class/CDC/Src/usbd_cdc.o
 .ARM.attributes
                0x000004ef       0x34 ./Middlewares/ST/STM32_USB_Device_Library/Core/Src/usbd_core.o
 .ARM.attributes
                0x00000523       0x34 ./Middlewares/ST/STM32_USB_Device_Library/Core/Src/usbd_ctlreq.o
 .ARM.attributes
                0x00000557       0x34 ./Middlewares/ST/STM32_USB_Device_Library/Core/Src/usbd_ioreq.o
 .ARM.attributes
                0x0000058b       0x34 ./USB_DEVICE/App/usb_device.o
 .ARM.attributes
                0x000005bf       0x34 ./USB_DEVICE/App/usbd_cdc_if.o
 .ARM.attributes
                0x000005f3       0x34 ./USB_DEVICE/App/usbd_desc.o
 .ARM.attributes
                0x00000627       0x34 ./USB_DEVICE/Target/usbd_conf.o
 .ARM.attributes
                0x0000065b       0x34 D:/STM32CubeIDE_1.19.0/STM32CubeIDE/plugins/com.st.stm32cube.ide.mcu.externaltools.gnu-tools-for-stm32.13.3.rel1.win32_1.0.0.202411081344/tools/bin/../lib/gcc/arm-none-eabi/13.3.1/../../../../arm-none-eabi/lib/thumb/v7e-m+fp/hard\libc_nano.a(libc_a-memset.o)
 .ARM.attributes
                0x0000068f       0x34 D:/STM32CubeIDE_1.19.0/STM32CubeIDE/plugins/com.st.stm32cube.ide.mcu.externaltools.gnu-tools-for-stm32.13.3.rel1.win32_1.0.0.202411081344/tools/bin/../lib/gcc/arm-none-eabi/13.3.1/../../../../arm-none-eabi/lib/thumb/v7e-m+fp/hard\libc_nano.a(libc_a-init.o)
 .ARM.attributes
                0x000006c3       0x22 D:/STM32CubeIDE_1.19.0/STM32CubeIDE/plugins/com.st.stm32cube.ide.mcu.externaltools.gnu-tools-for-stm32.13.3.rel1.win32_1.0.0.202411081344/tools/bin/../lib/gcc/arm-none-eabi/13.3.1/thumb/v7e-m+fp/hard\libgcc.a(_aeabi_uldivmod.o)
 .ARM.attributes
                0x000006e5       0x34 D:/STM32CubeIDE_1.19.0/STM32CubeIDE/plugins/com.st.stm32cube.ide.mcu.externaltools.gnu-tools-for-stm32.13.3.rel1.win32_1.0.0.202411081344/tools/bin/../lib/gcc/arm-none-eabi/13.3.1/thumb/v7e-m+fp/hard\libgcc.a(_udivmoddi4.o)
 .ARM.attributes
                0x00000719       0x22 D:/STM32CubeIDE_1.19.0/STM32CubeIDE/plugins/com.st.stm32cube.ide.mcu.externaltools.gnu-tools-for-stm32.13.3.rel1.win32_1.0.0.202411081344/tools/bin/../lib/gcc/arm-none-eabi/13.3.1/thumb/v7e-m+fp/hard\libgcc.a(_dvmd_tls.o)
 .ARM.attributes
                0x0000073b       0x22 D:/STM32CubeIDE_1.19.0/STM32CubeIDE/plugins/com.st.stm32cube.ide.mcu.externaltools.gnu-tools-for-stm32.13.3.rel1.win32_1.0.0.202411081344/tools/bin/../lib/gcc/arm-none-eabi/13.3.1/thumb/v7e-m+fp/hard/crtn.o
OUTPUT(discovery_uart_demo.elf elf32-littlearm)
LOAD linker stubs
LOAD D:/STM32CubeIDE_1.19.0/STM32CubeIDE/plugins/com.st.stm32cube.ide.mcu.externaltools.gnu-tools-for-stm32.13.3.rel1.win32_1.0.0.202411081344/tools/bin/../lib/gcc/arm-none-eabi/13.3.1/../../../../arm-none-eabi/lib/thumb/v7e-m+fp/hard\libc.a
LOAD D:/STM32CubeIDE_1.19.0/STM32CubeIDE/plugins/com.st.stm32cube.ide.mcu.externaltools.gnu-tools-for-stm32.13.3.rel1.win32_1.0.0.202411081344/tools/bin/../lib/gcc/arm-none-eabi/13.3.1/../../../../arm-none-eabi/lib/thumb/v7e-m+fp/hard\libm.a
LOAD D:/STM32CubeIDE_1.19.0/STM32CubeIDE/plugins/com.st.stm32cube.ide.mcu.externaltools.gnu-tools-for-stm32.13.3.rel1.win32_1.0.0.202411081344/tools/bin/../lib/gcc/arm-none-eabi/13.3.1/thumb/v7e-m+fp/hard\libgcc.a

.debug_info     0x00000000    0x1e8fc
 .debug_info    0x00000000     0x1e85 ./Core/Src/main.o
 .debug_info    0x00001e85     0x1be5 ./Core/Src/stm32f4xx_hal_msp.o
 .debug_info    0x00003a6a      0xe67 ./Core/Src/stm32f4xx_it.o
 .debug_info    0x000048d1      0x512 ./Core/Src/system_stm32f4xx.o
 .debug_info    0x00004de3       0x30 ./Core/Startup/startup_stm32f407vgtx.o
 .debug_info    0x00004e13      0x944 ./Drivers/STM32F4xx_HAL_Driver/Src/stm32f4xx_hal.o
 .debug_info    0x00005757      0xce3 ./Drivers/STM32F4xx_HAL_Driver/Src/stm32f4xx_hal_adc.o
 .debug_info    0x0000643a      0xd8c ./Drivers/STM32F4xx_HAL_Driver/Src/stm32f4xx_hal_cortex.o
 .debug_info    0x000071c6      0x8e7 ./Drivers/STM32F4xx_HAL_Driver/Src/stm32f4xx_hal_dma.o
 .debug_info    0x00007aad      0x6c3 ./Drivers/STM32F4xx_HAL_Driver/Src/stm32f4xx_hal_gpio.o
 .debug_info    0x00008170     0x2415 ./Drivers/STM32F4xx_HAL_Driver/Src/stm32f4xx_hal_i2c.o
 .debug_info    0x0000a585      0xe02 ./Drivers/STM32F4xx_HAL_Driver/Src/stm32f4xx_hal_i2s.o
 .debug_info    0x0000b387      0xaae ./Drivers/STM32F4xx_HAL_Driver/Src/stm32f4xx_hal_i2s_ex.o
 .debug_info    0x0000be35     0x156f ./Drivers/STM32F4xx_HAL_Driver/Src/stm32f4xx_hal_pcd.o
 .debug_info    0x0000d3a4      0x6ea ./Drivers/STM32F4xx_HAL_Driver/Src/stm32f4xx_hal_pcd_ex.o
 .debug_info    0x0000da8e      0x8c3 ./Drivers/STM32F4xx_HAL_Driver/Src/stm32f4xx_hal_rcc.o
 .debug_info    0x0000e351      0x536 ./Drivers/STM32F4xx_HAL_Driver/Src/stm32f4xx_hal_rcc_ex.o
 .debug_info    0x0000e887     0x1525 ./Drivers/STM32F4xx_HAL_Driver/Src/stm32f4xx_hal_spi.o
 .debug_info    0x0000fdac     0x299d ./Drivers/STM32F4xx_HAL_Driver/Src/stm32f4xx_hal_tim.o
 .debug_info    0x00012749     0x14db ./Drivers/STM32F4xx_HAL_Driver/Src/stm32f4xx_hal_tim_ex.o
 .debug_info    0x00013c24     0x2f4f ./Drivers/STM32F4xx_HAL_Driver/Src/stm32f4xx_hal_uart.o
 .debug_info    0x00016b73     0x1993 ./Drivers/STM32F4xx_HAL_Driver/Src/stm32f4xx_ll_usb.o
 .debug_info    0x00018506     0x12b1 ./Middlewares/ST/STM32_USB_Device_Library/Class/CDC/Src/usbd_cdc.o
 .debug_info    0x000197b7      0xe12 ./Middlewares/ST/STM32_USB_Device_Library/Core/Src/usbd_core.o
 .debug_info    0x0001a5c9      0xaeb ./Middlewares/ST/STM32_USB_Device_Library/Core/Src/usbd_ctlreq.o
 .debug_info    0x0001b0b4      0x762 ./Middlewares/ST/STM32_USB_Device_Library/Core/Src/usbd_ioreq.o
 .debug_info    0x0001b816      0x70e ./USB_DEVICE/App/usb_device.o
 .debug_info    0x0001bf24      0x907 ./USB_DEVICE/App/usbd_cdc_if.o
 .debug_info    0x0001c82b      0x458 ./USB_DEVICE/App/usbd_desc.o
 .debug_info    0x0001cc83     0x1c79 ./USB_DEVICE/Target/usbd_conf.o

.debug_abbrev   0x00000000     0x44a8
 .debug_abbrev  0x00000000      0x30a ./Core/Src/main.o
 .debug_abbrev  0x0000030a      0x25d ./Core/Src/stm32f4xx_hal_msp.o
 .debug_abbrev  0x00000567      0x1ef ./Core/Src/stm32f4xx_it.o
 .debug_abbrev  0x00000756      0x11a ./Core/Src/system_stm32f4xx.o
 .debug_abbrev  0x00000870       0x24 ./Core/Startup/startup_stm32f407vgtx.o
 .debug_abbrev  0x00000894      0x214 ./Drivers/STM32F4xx_HAL_Driver/Src/stm32f4xx_hal.o
 .debug_abbrev  0x00000aa8      0x252 ./Drivers/STM32F4xx_HAL_Driver/Src/stm32f4xx_hal_adc.o
 .debug_abbrev  0x00000cfa      0x31d ./Drivers/STM32F4xx_HAL_Driver/Src/stm32f4xx_hal_cortex.o
 .debug_abbrev  0x00001017      0x264 ./Drivers/STM32F4xx_HAL_Driver/Src/stm32f4xx_hal_dma.o
 .debug_abbrev  0x0000127b      0x1d4 ./Drivers/STM32F4xx_HAL_Driver/Src/stm32f4xx_hal_gpio.o
 .debug_abbrev  0x0000144f      0x2ad ./Drivers/STM32F4xx_HAL_Driver/Src/stm32f4xx_hal_i2c.o
 .debug_abbrev  0x000016fc      0x25d ./Drivers/STM32F4xx_HAL_Driver/Src/stm32f4xx_hal_i2s.o
 .debug_abbrev  0x00001959      0x276 ./Drivers/STM32F4xx_HAL_Driver/Src/stm32f4xx_hal_i2s_ex.o
 .debug_abbrev  0x00001bcf      0x2b9 ./Drivers/STM32F4xx_HAL_Driver/Src/stm32f4xx_hal_pcd.o
 .debug_abbrev  0x00001e88      0x1da ./Drivers/STM32F4xx_HAL_Driver/Src/stm32f4xx_hal_pcd_ex.o
 .debug_abbrev  0x00002062      0x2b7 ./Drivers/STM32F4xx_HAL_Driver/Src/stm32f4xx_hal_rcc.o
 .debug_abbrev  0x00002319      0x1b0 ./Drivers/STM32F4xx_HAL_Driver/Src/stm32f4xx_hal_rcc_ex.o
 .debug_abbrev  0x000024c9      0x27a ./Drivers/STM32F4xx_HAL_Driver/Src/stm32f4xx_hal_spi.o
 .debug_abbrev  0x00002743      0x278 ./Drivers/STM32F4xx_HAL_Driver/Src/stm32f4xx_hal_tim.o
 .debug_abbrev  0x000029bb      0x283 ./Drivers/STM32F4xx_HAL_Driver/Src/stm32f4xx_hal_tim_ex.o
 .debug_abbrev  0x00002c3e      0x30e ./Drivers/STM32F4xx_HAL_Driver/Src/stm32f4xx_hal_uart.o
 .debug_abbrev  0x00002f4c      0x2b3 ./Drivers/STM32F4xx_HAL_Driver/Src/stm32f4xx_ll_usb.o
 .debug_abbrev  0x000031ff      0x2d2 ./Middlewares/ST/STM32_USB_Device_Library/Class/CDC/Src/usbd_cdc.o
 .debug_abbrev  0x000034d1      0x27c ./Middlewares/ST/STM32_USB_Device_Library/Core/Src/usbd_core.o
 .debug_abbrev  0x0000374d      0x26f ./Middlewares/ST/STM32_USB_Device_Library/Core/Src/usbd_ctlreq.o
 .debug_abbrev  0x000039bc      0x19a ./Middlewares/ST/STM32_USB_Device_Library/Core/Src/usbd_ioreq.o
 .debug_abbrev  0x00003b56      0x195 ./USB_DEVICE/App/usb_device.o
 .debug_abbrev  0x00003ceb      0x29d ./USB_DEVICE/App/usbd_cdc_if.o
 .debug_abbrev  0x00003f88      0x1e1 ./USB_DEVICE/App/usbd_desc.o
 .debug_abbrev  0x00004169      0x33f ./USB_DEVICE/Target/usbd_conf.o

.debug_aranges  0x00000000     0x1b18
 .debug_aranges
                0x00000000       0x80 ./Core/Src/main.o
 .debug_aranges
                0x00000080       0x80 ./Core/Src/stm32f4xx_hal_msp.o
 .debug_aranges
                0x00000100       0x80 ./Core/Src/stm32f4xx_it.o
 .debug_aranges
                0x00000180       0x28 ./Core/Src/system_stm32f4xx.o
 .debug_aranges
                0x000001a8       0x28 ./Core/Startup/startup_stm32f407vgtx.o
 .debug_aranges
                0x000001d0       0xf0 ./Drivers/STM32F4xx_HAL_Driver/Src/stm32f4xx_hal.o
 .debug_aranges
                0x000002c0       0xe8 ./Drivers/STM32F4xx_HAL_Driver/Src/stm32f4xx_hal_adc.o
 .debug_aranges
                0x000003a8      0x130 ./Drivers/STM32F4xx_HAL_Driver/Src/stm32f4xx_hal_cortex.o
 .debug_aranges
                0x000004d8       0x90 ./Drivers/STM32F4xx_HAL_Driver/Src/stm32f4xx_hal_dma.o
 .debug_aranges
                0x00000568       0x58 ./Drivers/STM32F4xx_HAL_Driver/Src/stm32f4xx_hal_gpio.o
 .debug_aranges
                0x000005c0      0x2a8 ./Drivers/STM32F4xx_HAL_Driver/Src/stm32f4xx_hal_i2c.o
 .debug_aranges
                0x00000868      0x108 ./Drivers/STM32F4xx_HAL_Driver/Src/stm32f4xx_hal_i2s.o
 .debug_aranges
                0x00000970       0x88 ./Drivers/STM32F4xx_HAL_Driver/Src/stm32f4xx_hal_i2s_ex.o
 .debug_aranges
                0x000009f8      0x148 ./Drivers/STM32F4xx_HAL_Driver/Src/stm32f4xx_hal_pcd.o
 .debug_aranges
                0x00000b40       0x38 ./Drivers/STM32F4xx_HAL_Driver/Src/stm32f4xx_hal_pcd_ex.o
 .debug_aranges
                0x00000b78       0x88 ./Drivers/STM32F4xx_HAL_Driver/Src/stm32f4xx_hal_rcc.o
 .debug_aranges
                0x00000c00       0x48 ./Drivers/STM32F4xx_HAL_Driver/Src/stm32f4xx_hal_rcc_ex.o
 .debug_aranges
                0x00000c48      0x1d0 ./Drivers/STM32F4xx_HAL_Driver/Src/stm32f4xx_hal_spi.o
 .debug_aranges
                0x00000e18      0x3d0 ./Drivers/STM32F4xx_HAL_Driver/Src/stm32f4xx_hal_tim.o
 .debug_aranges
                0x000011e8      0x168 ./Drivers/STM32F4xx_HAL_Driver/Src/stm32f4xx_hal_tim_ex.o
 .debug_aranges
                0x00001350      0x208 ./Drivers/STM32F4xx_HAL_Driver/Src/stm32f4xx_hal_uart.o
 .debug_aranges
                0x00001558      0x1a0 ./Drivers/STM32F4xx_HAL_Driver/Src/stm32f4xx_ll_usb.o
 .debug_aranges
                0x000016f8       0x90 ./Middlewares/ST/STM32_USB_Device_Library/Class/CDC/Src/usbd_cdc.o
 .debug_aranges
                0x00001788       0xd8 ./Middlewares/ST/STM32_USB_Device_Library/Core/Src/usbd_core.o
 .debug_aranges
                0x00001860       0x90 ./Middlewares/ST/STM32_USB_Device_Library/Core/Src/usbd_ctlreq.o
 .debug_aranges
                0x000018f0       0x50 ./Middlewares/ST/STM32_USB_Device_Library/Core/Src/usbd_ioreq.o
 .debug_aranges
                0x00001940       0x20 ./USB_DEVICE/App/usb_device.o
 .debug_aranges
                0x00001960       0x48 ./USB_DEVICE/App/usbd_cdc_if.o
 .debug_aranges
                0x000019a8       0x60 ./USB_DEVICE/App/usbd_desc.o
 .debug_aranges
                0x00001a08      0x110 ./USB_DEVICE/Target/usbd_conf.o

.debug_rnglists
                0x00000000     0x1522
 .debug_rnglists
                0x00000000       0x60 ./Core/Src/main.o
 .debug_rnglists
                0x00000060       0x60 ./Core/Src/stm32f4xx_hal_msp.o
 .debug_rnglists
                0x000000c0       0x5b ./Core/Src/stm32f4xx_it.o
 .debug_rnglists
                0x0000011b       0x1a ./Core/Src/system_stm32f4xx.o
 .debug_rnglists
                0x00000135       0x19 ./Core/Startup/startup_stm32f407vgtx.o
 .debug_rnglists
                0x0000014e       0xaf ./Drivers/STM32F4xx_HAL_Driver/Src/stm32f4xx_hal.o
 .debug_rnglists
                0x000001fd       0xb5 ./Drivers/STM32F4xx_HAL_Driver/Src/stm32f4xx_hal_adc.o
 .debug_rnglists
                0x000002b2       0xe0 ./Drivers/STM32F4xx_HAL_Driver/Src/stm32f4xx_hal_cortex.o
 .debug_rnglists
                0x00000392       0x70 ./Drivers/STM32F4xx_HAL_Driver/Src/stm32f4xx_hal_dma.o
 .debug_rnglists
                0x00000402       0x3f ./Drivers/STM32F4xx_HAL_Driver/Src/stm32f4xx_hal_gpio.o
 .debug_rnglists
                0x00000441      0x23c ./Drivers/STM32F4xx_HAL_Driver/Src/stm32f4xx_hal_i2c.o
 .debug_rnglists
                0x0000067d       0xcc ./Drivers/STM32F4xx_HAL_Driver/Src/stm32f4xx_hal_i2s.o
 .debug_rnglists
                0x00000749       0x6a ./Drivers/STM32F4xx_HAL_Driver/Src/stm32f4xx_hal_i2s_ex.o
 .debug_rnglists
                0x000007b3       0xfa ./Drivers/STM32F4xx_HAL_Driver/Src/stm32f4xx_hal_pcd.o
 .debug_rnglists
                0x000008ad       0x26 ./Drivers/STM32F4xx_HAL_Driver/Src/stm32f4xx_hal_pcd_ex.o
 .debug_rnglists
                0x000008d3       0x66 ./Drivers/STM32F4xx_HAL_Driver/Src/stm32f4xx_hal_rcc.o
 .debug_rnglists
                0x00000939       0x35 ./Drivers/STM32F4xx_HAL_Driver/Src/stm32f4xx_hal_rcc_ex.o
 .debug_rnglists
                0x0000096e      0x16f ./Drivers/STM32F4xx_HAL_Driver/Src/stm32f4xx_hal_spi.o
 .debug_rnglists
                0x00000add      0x31a ./Drivers/STM32F4xx_HAL_Driver/Src/stm32f4xx_hal_tim.o
 .debug_rnglists
                0x00000df7      0x125 ./Drivers/STM32F4xx_HAL_Driver/Src/stm32f4xx_hal_tim_ex.o
 .debug_rnglists
                0x00000f1c      0x1bc ./Drivers/STM32F4xx_HAL_Driver/Src/stm32f4xx_hal_uart.o
 .debug_rnglists
                0x000010d8      0x147 ./Drivers/STM32F4xx_HAL_Driver/Src/stm32f4xx_ll_usb.o
 .debug_rnglists
                0x0000121f       0x6c ./Middlewares/ST/STM32_USB_Device_Library/Class/CDC/Src/usbd_cdc.o
 .debug_rnglists
                0x0000128b       0xa1 ./Middlewares/ST/STM32_USB_Device_Library/Core/Src/usbd_core.o
 .debug_rnglists
                0x0000132c       0x6e ./Middlewares/ST/STM32_USB_Device_Library/Core/Src/usbd_ctlreq.o
 .debug_rnglists
                0x0000139a       0x37 ./Middlewares/ST/STM32_USB_Device_Library/Core/Src/usbd_ioreq.o
 .debug_rnglists
                0x000013d1       0x13 ./USB_DEVICE/App/usb_device.o
 .debug_rnglists
                0x000013e4       0x32 ./USB_DEVICE/App/usbd_cdc_if.o
 .debug_rnglists
                0x00001416       0x43 ./USB_DEVICE/App/usbd_desc.o
 .debug_rnglists
                0x00001459       0xc9 ./USB_DEVICE/Target/usbd_conf.o

.debug_macro    0x00000000    0x26fb8
 .debug_macro   0x00000000      0x41a ./Core/Src/main.o
 .debug_macro   0x0000041a      0xad8 ./Core/Src/main.o
 .debug_macro   0x00000ef2      0x2b9 ./Core/Src/main.o
 .debug_macro   0x000011ab       0x2e ./Core/Src/main.o
 .debug_macro   0x000011d9       0x2f ./Core/Src/main.o
 .debug_macro   0x00001208       0x22 ./Core/Src/main.o
 .debug_macro   0x0000122a       0x8e ./Core/Src/main.o
 .debug_macro   0x000012b8       0x51 ./Core/Src/main.o
 .debug_macro   0x00001309      0x103 ./Core/Src/main.o
 .debug_macro   0x0000140c       0x6a ./Core/Src/main.o
 .debug_macro   0x00001476      0x1df ./Core/Src/main.o
 .debug_macro   0x00001655       0x1c ./Core/Src/main.o
 .debug_macro   0x00001671       0x22 ./Core/Src/main.o
 .debug_macro   0x00001693       0xfb ./Core/Src/main.o
 .debug_macro   0x0000178e     0x1011 ./Core/Src/main.o
 .debug_macro   0x0000279f      0x11f ./Core/Src/main.o
 .debug_macro   0x000028be    0x15ea5 ./Core/Src/main.o
 .debug_macro   0x00018763       0x6d ./Core/Src/main.o
 .debug_macro   0x000187d0     0x3693 ./Core/Src/main.o
 .debug_macro   0x0001be63      0x190 ./Core/Src/main.o
 .debug_macro   0x0001bff3       0x5c ./Core/Src/main.o
 .debug_macro   0x0001c04f      0x980 ./Core/Src/main.o
 .debug_macro   0x0001c9cf      0x9e9 ./Core/Src/main.o
 .debug_macro   0x0001d3b8      0x115 ./Core/Src/main.o
 .debug_macro   0x0001d4cd      0x13e ./Core/Src/main.o
 .debug_macro   0x0001d60b       0xa5 ./Core/Src/main.o
 .debug_macro   0x0001d6b0      0x174 ./Core/Src/main.o
 .debug_macro   0x0001d824      0x287 ./Core/Src/main.o
 .debug_macro   0x0001daab       0x5f ./Core/Src/main.o
 .debug_macro   0x0001db0a      0x236 ./Core/Src/main.o
 .debug_macro   0x0001dd40      0xb5b ./Core/Src/main.o
 .debug_macro   0x0001e89b      0x38b ./Core/Src/main.o
 .debug_macro   0x0001ec26      0x176 ./Core/Src/main.o
 .debug_macro   0x0001ed9c       0xf9 ./Core/Src/main.o
 .debug_macro   0x0001ee95      0x12c ./Core/Src/main.o
 .debug_macro   0x0001efc1      0x21e ./Core/Src/main.o
 .debug_macro   0x0001f1df       0x2e ./Core/Src/main.o
 .debug_macro   0x0001f20d      0x1b5 ./Core/Src/main.o
 .debug_macro   0x0001f3c2       0xd6 ./Core/Src/main.o
 .debug_macro   0x0001f498      0x1a7 ./Core/Src/main.o
 .debug_macro   0x0001f63f       0x46 ./Core/Src/main.o
 .debug_macro   0x0001f685       0x4a ./Core/Src/main.o
 .debug_macro   0x0001f6cf      0x127 ./Core/Src/main.o
 .debug_macro   0x0001f7f6       0x7e ./Core/Src/main.o
 .debug_macro   0x0001f874       0x89 ./Core/Src/main.o
 .debug_macro   0x0001f8fd      0x225 ./Core/Src/main.o
 .debug_macro   0x0001fb22      0x8ed ./Core/Src/main.o
 .debug_macro   0x0002040f       0x4d ./Core/Src/main.o
 .debug_macro   0x0002045c      0x2aa ./Core/Src/main.o
 .debug_macro   0x00020706      0x293 ./Core/Src/main.o
 .debug_macro   0x00020999       0xba ./Core/Src/main.o
 .debug_macro   0x00020a53      0x12d ./Core/Src/main.o
 .debug_macro   0x00020b80      0x178 ./Core/Src/main.o
 .debug_macro   0x00020cf8       0x61 ./Core/Src/main.o
 .debug_macro   0x00020d59       0x2a ./Core/Src/main.o
 .debug_macro   0x00020d83       0x43 ./Core/Src/main.o
 .debug_macro   0x00020dc6       0x34 ./Core/Src/main.o
 .debug_macro   0x00020dfa       0x16 ./Core/Src/main.o
 .debug_macro   0x00020e10       0x3c ./Core/Src/main.o
 .debug_macro   0x00020e4c      0x370 ./Core/Src/main.o
 .debug_macro   0x000211bc       0x10 ./Core/Src/main.o
 .debug_macro   0x000211cc       0x16 ./Core/Src/main.o
 .debug_macro   0x000211e2       0x4a ./Core/Src/main.o
 .debug_macro   0x0002122c       0x34 ./Core/Src/main.o
 .debug_macro   0x00021260       0x10 ./Core/Src/main.o
 .debug_macro   0x00021270       0x58 ./Core/Src/main.o
 .debug_macro   0x000212c8       0x8e ./Core/Src/main.o
 .debug_macro   0x00021356       0x1c ./Core/Src/main.o
 .debug_macro   0x00021372      0x185 ./Core/Src/main.o
 .debug_macro   0x000214f7       0x16 ./Core/Src/main.o
 .debug_macro   0x0002150d       0x16 ./Core/Src/main.o
 .debug_macro   0x00021523      0x146 ./Core/Src/main.o
 .debug_macro   0x00021669       0x16 ./Core/Src/main.o
 .debug_macro   0x0002167f       0x16 ./Core/Src/main.o
 .debug_macro   0x00021695       0x29 ./Core/Src/main.o
 .debug_macro   0x000216be       0x16 ./Core/Src/main.o
 .debug_macro   0x000216d4       0x20 ./Core/Src/main.o
 .debug_macro   0x000216f4       0x65 ./Core/Src/main.o
 .debug_macro   0x00021759      0x20f ./Core/Src/main.o
 .debug_macro   0x00021968       0x95 ./Core/Src/main.o
 .debug_macro   0x000219fd       0x10 ./Core/Src/main.o
 .debug_macro   0x00021a0d      0x266 ./Core/Src/stm32f4xx_hal_msp.o
 .debug_macro   0x00021c73      0x270 ./Core/Src/stm32f4xx_it.o
 .debug_macro   0x00021ee3      0x257 ./Core/Src/system_stm32f4xx.o
 .debug_macro   0x0002213a      0x2b7 ./Drivers/STM32F4xx_HAL_Driver/Src/stm32f4xx_hal.o
 .debug_macro   0x000223f1      0x258 ./Drivers/STM32F4xx_HAL_Driver/Src/stm32f4xx_hal_adc.o
 .debug_macro   0x00022649      0x257 ./Drivers/STM32F4xx_HAL_Driver/Src/stm32f4xx_hal_cortex.o
 .debug_macro   0x000228a0      0x25d ./Drivers/STM32F4xx_HAL_Driver/Src/stm32f4xx_hal_dma.o
 .debug_macro   0x00022afd      0x25d ./Drivers/STM32F4xx_HAL_Driver/Src/stm32f4xx_hal_gpio.o
 .debug_macro   0x00022d5a      0x2a5 ./Drivers/STM32F4xx_HAL_Driver/Src/stm32f4xx_hal_i2c.o
 .debug_macro   0x00022fff      0x25f ./Drivers/STM32F4xx_HAL_Driver/Src/stm32f4xx_hal_i2s.o
 .debug_macro   0x0002325e      0x257 ./Drivers/STM32F4xx_HAL_Driver/Src/stm32f4xx_hal_i2s_ex.o
 .debug_macro   0x000234b5      0x263 ./Drivers/STM32F4xx_HAL_Driver/Src/stm32f4xx_hal_pcd.o
 .debug_macro   0x00023718      0x257 ./Drivers/STM32F4xx_HAL_Driver/Src/stm32f4xx_hal_pcd_ex.o
 .debug_macro   0x0002396f      0x27b ./Drivers/STM32F4xx_HAL_Driver/Src/stm32f4xx_hal_rcc.o
 .debug_macro   0x00023bea      0x257 ./Drivers/STM32F4xx_HAL_Driver/Src/stm32f4xx_hal_rcc_ex.o
 .debug_macro   0x00023e41      0x266 ./Drivers/STM32F4xx_HAL_Driver/Src/stm32f4xx_hal_spi.o
 .debug_macro   0x000240a7      0x258 ./Drivers/STM32F4xx_HAL_Driver/Src/stm32f4xx_hal_tim.o
 .debug_macro   0x000242ff      0x257 ./Drivers/STM32F4xx_HAL_Driver/Src/stm32f4xx_hal_tim_ex.o
 .debug_macro   0x00024556      0x258 ./Drivers/STM32F4xx_HAL_Driver/Src/stm32f4xx_hal_uart.o
 .debug_macro   0x000247ae      0x257 ./Drivers/STM32F4xx_HAL_Driver/Src/stm32f4xx_ll_usb.o
 .debug_macro   0x00024a05      0x3f5 ./Middlewares/ST/STM32_USB_Device_Library/Class/CDC/Src/usbd_cdc.o
 .debug_macro   0x00024dfa       0x9e ./Middlewares/ST/STM32_USB_Device_Library/Class/CDC/Src/usbd_cdc.o
 .debug_macro   0x00024e98      0x112 ./Middlewares/ST/STM32_USB_Device_Library/Class/CDC/Src/usbd_cdc.o
 .debug_macro   0x00024faa       0x56 ./Middlewares/ST/STM32_USB_Device_Library/Class/CDC/Src/usbd_cdc.o
 .debug_macro   0x00025000      0x3dc ./Middlewares/ST/STM32_USB_Device_Library/Core/Src/usbd_core.o
 .debug_macro   0x000253dc      0x215 ./Middlewares/ST/STM32_USB_Device_Library/Core/Src/usbd_core.o
 .debug_macro   0x000255f1      0x3e6 ./Middlewares/ST/STM32_USB_Device_Library/Core/Src/usbd_ctlreq.o
 .debug_macro   0x000259d7      0x3e2 ./Middlewares/ST/STM32_USB_Device_Library/Core/Src/usbd_ioreq.o
 .debug_macro   0x00025db9      0x415 ./USB_DEVICE/App/usb_device.o
 .debug_macro   0x000261ce      0x17e ./USB_DEVICE/App/usb_device.o