23:42:29 **** Incremental Build of configuration Debug for project discovery_uart_demo ****
make -j8 all 
arm-none-eabi-gcc "../Core/Src/main.c" -mcpu=cortex-m4 -std=gnu11 -g3 -DDEBUG -DUSE_HAL_DRIVER -DSTM32F407xx -c -I../USB_HOST/App -I../USB_HOST/Target -I../Core/Inc -I../Drivers/STM32F4xx_HAL_Driver/Inc -I../Drivers/STM32F4xx_HAL_Driver/Inc/Legacy -I../Middlewares/ST/STM32_USB_Host_Library/Core/Inc -I../Middlewares/ST/STM32_USB_Host_Library/Class/CDC/Inc -I../Drivers/CMSIS/Device/ST/STM32F4xx/Include -I../Drivers/CMSIS/Include -I../USB_DEVICE/App -I../USB_DEVICE/Target -I../Middlewares/ST/STM32_USB_Device_Library/Core/Inc -I../Middlewares/ST/STM32_USB_Device_Library/Class/CDC/Inc -O0 -ffunction-sections -fdata-sections -Wall -fstack-usage -fcyclomatic-complexity -MMD -MP -MF"Core/Src/main.d" -MT"Core/Src/main.o" --specs=nano.specs -mfpu=fpv4-sp-d16 -mfloat-abi=hard -mthumb -o "Core/Src/main.o"
arm-none-eabi-gcc -o "discovery_uart_demo.elf" @"objects.list"   -mcpu=cortex-m4 -T"D:\STM_Workspace_v4\discovery_uart_demo\STM32F407VGTX_FLASH.ld" --specs=nosys.specs -Wl,-Map="discovery_uart_demo.map" -Wl,--gc-sections -static --specs=nano.specs -mfpu=fpv4-sp-d16 -mfloat-abi=hard -mthumb -Wl,--start-group -lc -lm -Wl,--end-group
Finished building target: discovery_uart_demo.elf
 
arm-none-eabi-size  discovery_uart_demo.elf 
arm-none-eabi-objdump -h -S discovery_uart_demo.elf  > "discovery_uart_demo.list"
   text	   data	    bss	    dec	    hex	filename
  44816	    252	  10292	  55360	   d840	discovery_uart_demo.elf
Finished building: default.size.stdout
 
Finished building: discovery_uart_demo.list
 

23:42:31 Build Finished. 0 errors, 0 warnings. (took 1s.803ms)

