19:37:24 **** Build of configuration Debug for project Single_Channel_Logger ****
make -j8 all 
arm-none-eabi-gcc "../Core/Src/main.c" -mcpu=cortex-m4 -std=gnu11 -g3 -DDEBUG -DUSE_HAL_DRIVER -DSTM32F411xE -c -I../Core/Inc -I../Drivers/STM32F4xx_HAL_Driver/Inc -I../Drivers/STM32F4xx_HAL_Driver/Inc/Legacy -I../Drivers/CMSIS/Device/ST/STM32F4xx/Include -I../Drivers/CMSIS/Include -O0 -ffunction-sections -fdata-sections -Wall -fstack-usage -fcyclomatic-complexity -MMD -MP -MF"Core/Src/main.d" -MT"Core/Src/main.o" --specs=nano.specs -mfpu=fpv4-sp-d16 -mfloat-abi=hard -mthumb -o "Core/Src/main.o"
arm-none-eabi-gcc -o "Single_Channel_Logger.elf" @"objects.list"   -mcpu=cortex-m4 -T"D:\STM_Workspace_v4\Single_Channel_Logger\STM32F411CEUX_FLASH.ld" --specs=nosys.specs -Wl,-Map="Single_Channel_Logger.map" -Wl,--gc-sections -static --specs=nano.specs -mfpu=fpv4-sp-d16 -mfloat-abi=hard -mthumb -u _printf_float -u _scanf_float -Wl,--start-group -lc -lm -Wl,--end-group
Finished building target: Single_Channel_Logger.elf
 
arm-none-eabi-size  Single_Channel_Logger.elf 
arm-none-eabi-objdump -h -S Single_Channel_Logger.elf  > "Single_Channel_Logger.list"
   text	   data	    bss	    dec	    hex	filename
  39640	    504	   3160	  43304	   a928	Single_Channel_Logger.elf
Finished building: default.size.stdout
 
Finished building: Single_Channel_Logger.list
 

19:37:26 Build Finished. 0 errors, 0 warnings. (took 1s.504ms)

